Component: ARM Compiler 5.06 update 7 (build 960) Tool: armlink [4d3601]

==============================================================================

Section Cross References

    main.o(i.main) refers to sys_tick.o(i.SysTick_Init) for SysTick_Init
    main.o(i.main) refers to led.o(i.LED_Init) for LED_Init
    main.o(i.main) refers to usart.o(i.Usart_Init) for Usart_Init
    main.o(i.main) refers to fashion_star_uart_servo_examples.o(i.FSUSExample_Run) for FSUSExample_Run
    system_stm32f4xx.o(i.SystemCoreClockUpdate) refers to system_stm32f4xx.o(.data) for SystemCoreClock
    system_stm32f4xx.o(i.SystemInit) refers to system_stm32f4xx.o(i.SetSysClock) for SetSysClock
    led.o(i.LED_Init) refers to stm32f4xx_rcc.o(i.RCC_AHB1PeriphClockCmd) for RCC_AHB1PeriphClockCmd
    led.o(i.LED_Init) refers to stm32f4xx_gpio.o(i.GPIO_Init) for GPIO_Init
    led.o(i.LED_Init) refers to stm32f4xx_gpio.o(i.GPIO_SetBits) for GPIO_SetBits
    fashion_star_uart_servo_examples.o(i.FSUSExample_LEDBlink) refers to noretval__2printf.o(.text) for __2printf
    fashion_star_uart_servo_examples.o(i.FSUSExample_LEDBlink) refers to sys_tick.o(i.SysTick_DelayMs) for SysTick_DelayMs
    fashion_star_uart_servo_examples.o(i.FSUSExample_PingServo) refers to _printf_percent.o(.ARM.Collect$$_printf_percent$$00000000) for _printf_percent
    fashion_star_uart_servo_examples.o(i.FSUSExample_PingServo) refers to _printf_d.o(.ARM.Collect$$_printf_percent$$00000009) for _printf_d
    fashion_star_uart_servo_examples.o(i.FSUSExample_PingServo) refers to _printf_dec.o(.text) for _printf_int_dec
    fashion_star_uart_servo_examples.o(i.FSUSExample_PingServo) refers to noretval__2printf.o(.text) for __2printf
    fashion_star_uart_servo_examples.o(i.FSUSExample_PingServo) refers to fashion_star_uart_servo.o(i.FSUS_Ping) for FSUS_Ping
    fashion_star_uart_servo_examples.o(i.FSUSExample_PingServo) refers to sys_tick.o(i.SysTick_DelayMs) for SysTick_DelayMs
    fashion_star_uart_servo_examples.o(i.FSUSExample_PingServo) refers to fashion_star_uart_servo_examples.o(.data) for servo_usart
    fashion_star_uart_servo_examples.o(i.FSUSExample_ReadData) refers to _printf_percent.o(.ARM.Collect$$_printf_percent$$00000000) for _printf_percent
    fashion_star_uart_servo_examples.o(i.FSUSExample_ReadData) refers to _printf_d.o(.ARM.Collect$$_printf_percent$$00000009) for _printf_d
    fashion_star_uart_servo_examples.o(i.FSUSExample_ReadData) refers to _printf_dec.o(.text) for _printf_int_dec
    fashion_star_uart_servo_examples.o(i.FSUSExample_ReadData) refers to _printf_f.o(.ARM.Collect$$_printf_percent$$00000003) for _printf_f
    fashion_star_uart_servo_examples.o(i.FSUSExample_ReadData) refers to printf1.o(x$fpl$printf1) for _printf_fp_dec
    fashion_star_uart_servo_examples.o(i.FSUSExample_ReadData) refers to fashion_star_uart_servo.o(i.FSUS_ReadData) for FSUS_ReadData
    fashion_star_uart_servo_examples.o(i.FSUSExample_ReadData) refers to noretval__2printf.o(.text) for __2printf
    fashion_star_uart_servo_examples.o(i.FSUSExample_ReadData) refers to dflt_clz.o(x$fpl$dflt) for __aeabi_i2d
    fashion_star_uart_servo_examples.o(i.FSUSExample_ReadData) refers to ddiv.o(x$fpl$ddiv) for __aeabi_ddiv
    fashion_star_uart_servo_examples.o(i.FSUSExample_ReadData) refers to d2f.o(x$fpl$d2f) for __aeabi_d2f
    fashion_star_uart_servo_examples.o(i.FSUSExample_ReadData) refers to f2d.o(x$fpl$f2d) for __aeabi_f2d
    fashion_star_uart_servo_examples.o(i.FSUSExample_ReadData) refers to fashion_star_uart_servo_examples.o(.data) for servo_usart
    fashion_star_uart_servo_examples.o(i.FSUSExample_ResetData) refers to _printf_percent.o(.ARM.Collect$$_printf_percent$$00000000) for _printf_percent
    fashion_star_uart_servo_examples.o(i.FSUSExample_ResetData) refers to _printf_d.o(.ARM.Collect$$_printf_percent$$00000009) for _printf_d
    fashion_star_uart_servo_examples.o(i.FSUSExample_ResetData) refers to _printf_dec.o(.text) for _printf_int_dec
    fashion_star_uart_servo_examples.o(i.FSUSExample_ResetData) refers to fashion_star_uart_servo.o(i.FSUS_ResetUserData) for FSUS_ResetUserData
    fashion_star_uart_servo_examples.o(i.FSUSExample_ResetData) refers to noretval__2printf.o(.text) for __2printf
    fashion_star_uart_servo_examples.o(i.FSUSExample_ResetData) refers to fashion_star_uart_servo_examples.o(.data) for servo_usart
    fashion_star_uart_servo_examples.o(i.FSUSExample_Run) refers to fashion_star_uart_servo_examples.o(i.FSUSExample_LEDBlink) for FSUSExample_LEDBlink
    fashion_star_uart_servo_examples.o(i.FSUSExample_Run) refers to fashion_star_uart_servo_examples.o(i.FSUSExample_UsartEcho) for FSUSExample_UsartEcho
    fashion_star_uart_servo_examples.o(i.FSUSExample_Run) refers to fashion_star_uart_servo_examples.o(i.FSUSExample_PingServo) for FSUSExample_PingServo
    fashion_star_uart_servo_examples.o(i.FSUSExample_Run) refers to fashion_star_uart_servo_examples.o(i.FSUSExample_SetServoAngle) for FSUSExample_SetServoAngle
[...]
    .text                                    0x08000340   Section        0  noretval__2printf.o(.text)
    .text                                    0x08000358   Section        0  _printf_dec.o(.text)
    .text                                    0x080003d0   Section        0  __printf_wp.o(.text)
    .text                                    0x080004de   Section        0  heapauxi.o(.text)
    .text                                    0x080004e4   Section        2  use_no_semi.o(.text)
    .text                                    0x080004e8   Section        8  rt_heap_descriptor_intlibspace.o(.text)
    .text                                    0x080004f0   Section        0  hguard.o(.text)
    .text                                    0x080004f4   Section        0  init_alloc.o(.text)
    .text                                    0x0800057e   Section        0  h1_init.o(.text)
    .text                                    0x0800058c   Section        0  _printf_intcommon.o(.text)
    .text                                    0x0800063e   Section        0  _printf_fp_dec.o(.text)
    _fp_digits                               0x08000641   Thumb Code   432  _printf_fp_dec.o(.text)
    .text                                    0x08000a5c   Section        0  _printf_char_file.o(.text)
    .text                                    0x08000a80   Section        8  libspace.o(.text)
    .text                                    0x08000a88   Section        8  rt_locale_intlibspace.o(.text)
    .text                                    0x08000a90   Section        0  h1_extend.o(.text)
    .text                                    0x08000ac4   Section      138  lludiv10.o(.text)
    .text                                    0x08000b50   Section        0  _printf_char_common.o(.text)
    _printf_input_char                       0x08000b51   Thumb Code    10  _printf_char_common.o(.text)
    .text                                    0x08000b80   Section        0  _printf_fp_infnan.o(.text)
    .text                                    0x08000c00   Section        0  bigflt0.o(.text)
    .text                                    0x08000ce4   Section        0  ferror.o(.text)
    .text                                    0x08000cec   Section        0  defsig_rtmem_outer.o(.text)
    .text                                    0x08000cfa   Section       74  sys_stackheap_outer.o(.text)
    .text                                    0x08000d44   Section        0  exit.o(.text)
    .text                                    0x08000d56   Section        0  defsig_exit.o(.text)
    .text                                    0x08000d60   Section        0  defsig_rtmem_inner.o(.text)
    .text                                    0x08000db0   Section      128  strcmpv7m.o(.text)
    .text                                    0x08000e30   Section        0  defsig_general.o(.text)
    CL$$btod_d2e                             0x08000e62   Section       62  btod.o(CL$$btod_d2e)
    CL$$btod_d2e_denorm_low                  0x08000ea0   Section       70  btod.o(CL$$btod_d2e_denorm_low)
    CL$$btod_d2e_norm_op1                    0x08000ee6   Section       96  btod.o(CL$$btod_d2e_norm_op1)
    CL$$btod_div_common                      0x08000f46   Section      824  btod.o(CL$$btod_div_common)
    CL$$btod_e2e                             0x0800127e   Section      220  btod.o(CL$$btod_e2e)
    CL$$btod_ediv                            0x0800135a   Section       42  btod.o(CL$$btod_ediv)
    CL$$btod_emul                            0x08001384   Section       42  btod.o(CL$$btod_emul)
    CL$$btod_mult_common                     0x080013ae   Section      580  btod.o(CL$$btod_mult_common)
    i.BusFault_Handler                       0x080015f2   Section        0  stm32f4xx_it.o(i.BusFault_Handler)
    i.DebugMon_Handler                       0x080015f6   Section        0  stm32f4xx_it.o(i.DebugMon_Handler)
    i.FSUSExample_EstimateTimeMs             0x080015f8   Section        0  fashion_star_uart_servo_examples.o(i.FSUSExample_EstimateTimeMs)
    i.FSUSExample_LEDBlink                   0x08001634   Section        0  fashion_star_uart_servo_examples.o(i.FSUSExample_LEDBlink)
    i.FSUSExample_PingServo                  0x08001674   Section        0  fashion_star_uart_servo_examples.o(i.FSUSExample_PingServo)
    i.FSUSExample_ReadData                   0x08001734   Section        0  fashion_star_uart_servo_examples.o(i.FSUSExample_ReadData)
    i.FSUSExample_ResetData                  0x08001810   Section        0  fashion_star_uart_servo_examples.o(i.FSUSExample_ResetData)
    i.FSUSExample_Run                        0x08001884   Section        0  fashion_star_uart_servo_examples.o(i.FSUSExample_Run)
    i.FSUSExample_SetNServoAngle             0x080018d4   Section        0  fashion_star_uart_servo_examples.o(i.FSUSExample_SetNServoAngle)
    i.FSUSExample_SetServoAngle              0x08001998   Section        0  fashion_star_uart_servo_examples.o(i.FSUSExample_SetServoAngle)
    i.FSUSExample_SetServoAngleMTurn         0x08001b0c   Section        0  fashion_star_uart_servo_examples.o(i.FSUSExample_SetServoAngleMTurn)
    i.FSUSExample_SetServoDamping            0x08001cf8   Section        0  fashion_star_uart_servo_examples.o(i.FSUSExample_SetServoDamping)
    i.FSUSExample_UsartEcho                  0x08001de0   Section        0  fashion_star_uart_servo_examples.o(i.FSUSExample_UsartEcho)
    i.FSUSExample_WheelKeepMove              0x08001eb0   Section        0  fashion_star_uart_servo_examples.o(i.FSUSExample_WheelKeepMove)
    i.FSUSExample_WheelMoveNCircle           0x08001f14   Section        0  fashion_star_uart_servo_examples.o(i.FSUSExample_WheelMoveNCircle)
    i.FSUSExample_WheelMoveNTime             0x08001f78   Section        0  fashion_star_uart_servo_examples.o(i.FSUSExample_WheelMoveNTime)
    i.FSUSExample_WriteData                  0x08001fcc   Section        0  fashion_star_uart_servo_examples.o(i.FSUSExample_WriteData)
    i.FSUS_CalcChecksum                      0x08002150   Section        0  fashion_star_uart_servo.o(i.FSUS_CalcChecksum)
    i.FSUS_DampingMode                       0x08002182   Section        0  fashion_star_uart_servo.o(i.FSUS_DampingMode)
    i.FSUS_Package2RingBuffer                0x080021be   Section        0  fashion_star_uart_servo.o(i.FSUS_Package2RingBuffer)
    i.FSUS_Ping                              0x080021f8   Section        0  fashion_star_uart_servo.o(i.FSUS_Ping)
    i.FSUS_QueryServoAngle                   0x0800222c   Section        0  fashion_star_uart_servo.o(i.FSUS_QueryServoAngle)
    i.FSUS_QueryServoAngleMTurn              0x080022a8   Section        0  fashion_star_uart_servo.o(i.FSUS_QueryServoAngleMTurn)
    i.FSUS_ReadData                          0x08002334   Section        0  fashion_star_uart_servo.o(i.FSUS_ReadData)
    i.FSUS_RecvPackage                       0x0800238c   Section        0  fashion_star_uart_servo.o(i.FSUS_RecvPackage)
    i.FSUS_ResetUserData                     0x080024c4   Section        0  fashion_star_uart_servo.o(i.FSUS_ResetUserData)
    i.FSUS_SendPackage                       0x080024fa   Section        0  fashion_star_uart_servo.o(i.FSUS_SendPackage)
    i.FSUS_SetServoAngle                     0x08002538   Section        0  fashion_star_uart_servo.o(i.FSUS_SetServoAngle)
    i.FSUS_SetServoAngleByInterval           0x080025f8   Section        0  fashion_star_uart_servo.o(i.FSUS_SetServoAngleByInterval)
    i.FSUS_SetServoAngleByVelocity           0x080026d4   Section        0  fashion_star_uart_servo.o(i.FSUS_SetServoAngleByVelocity)
    i.FSUS_SetServoAngleMTurn                0x080027f4   Section        0  fashion_star_uart_servo.o(i.FSUS_SetServoAngleMTurn)
    i.FSUS_SetServoAngleMTurnByInterval      0x080028c4   Section        0  fashion_star_uart_servo.o(i.FSUS_SetServoAngleMTurnByInterval)
    i.FSUS_SetServoAngleMTurnByVelocity      0x080029ac   Section        0  fashion_star_uart_servo.o(i.FSUS_SetServoAngleMTurnByVelocity)
    i.FSUS_Wait                              0x08002acc   Section        0  fashion_star_uart_servo.o(i.FSUS_Wait)
    i.FSUS_WheelKeepMove                     0x08002b36   Section        0  fashion_star_uart_servo.o(i.FSUS_WheelKeepMove)
    i.FSUS_WheelMove                         0x08002b5e   Section        0  fashion_star_uart_servo.o(i.FSUS_WheelMove)
    i.FSUS_WheelMoveNCircle                  0x08002bb4   Section        0  fashion_star_uart_servo.o(i.FSUS_WheelMoveNCircle)
    i.FSUS_WheelMoveTime                     0x08002be0   Section        0  fashion_star_uart_servo.o(i.FSUS_WheelMoveTime)
    i.FSUS_WheelStop                         0x08002c0c   Section        0  fashion_star_uart_servo.o(i.FSUS_WheelStop)
    i.FSUS_WriteData                         0x08002c2e   Section        0  fashion_star_uart_servo.o(i.FSUS_WriteData)
    i.GPIO_Init                              0x08002c9c   Section        0  stm32f4xx_gpio.o(i.GPIO_Init)
    i.GPIO_PinAFConfig                       0x08002d2c   Section        0  stm32f4xx_gpio.o(i.GPIO_PinAFConfig)
    i.GPIO_SetBits                           0x08002d72   Section        0  stm32f4xx_gpio.o(i.GPIO_SetBits)
    i.HardFault_Handler                      0x08002d76   Section        0  stm32f4xx_it.o(i.HardFault_Handler)
    i.LED_Init                               0x08002d7c   Section        0  led.o(i.LED_Init)
    i.MemManage_Handler                      0x08002dbc   Section        0  stm32f4xx_it.o(i.MemManage_Handler)
    i.NMI_Handler                            0x08002dc0   Section        0  stm32f4xx_it.o(i.NMI_Handler)
    i.NVIC_Init                              0x08002dc4   Section        0  misc.o(i.NVIC_Init)
    i.PendSV_Handler                         0x08002e3c   Section        0  stm32f4xx_it.o(i.PendSV_Handler)
    i.RCC_AHB1PeriphClockCmd                 0x08002e40   Section        0  stm32f4xx_rcc.o(i.RCC_AHB1PeriphClockCmd)
    i.RCC_APB1PeriphClockCmd                 0x08002e60   Section        0  stm32f4xx_rcc.o(i.RCC_APB1PeriphClockCmd)
    i.RCC_APB2PeriphClockCmd                 0x08002e80   Section        0  stm32f4xx_rcc.o(i.RCC_APB2PeriphClockCmd)
    i.RCC_GetClocksFreq                      0x08002ea0   Section        0  stm32f4xx_rcc.o(i.RCC_GetClocksFreq)
    i.RingBuffer_GetByteFree                 0x08002f88   Section        0  ring_buffer.o(i.RingBuffer_GetByteFree)
    i.RingBuffer_GetByteUsed                 0x08002fa0   Section        0  ring_buffer.o(i.RingBuffer_GetByteUsed)
    i.RingBuffer_GetCapacity                 0x08002fca   Section        0  ring_buffer.o(i.RingBuffer_GetCapacity)
    i.RingBuffer_GetChecksum                 0x08002fd4   Section        0  ring_buffer.o(i.RingBuffer_GetChecksum)
    i.RingBuffer_GetValueByIndex             0x08002ffc   Section        0  ring_buffer.o(i.RingBuffer_GetValueByIndex)
    i.RingBuffer_Init                        0x08003028   Section        0  ring_buffer.o(i.RingBuffer_Init)
    i.RingBuffer_IsEmpty                     0x0800304e   Section        0  ring_buffer.o(i.RingBuffer_IsEmpty)
    i.RingBuffer_IsFull                      0x0800306c   Section        0  ring_buffer.o(i.RingBuffer_IsFull)
    i.RingBuffer_Pop                         0x08003080   Section        0  ring_buffer.o(i.RingBuffer_Pop)
    i.RingBuffer_Push                        0x080030b2   Section        0  ring_buffer.o(i.RingBuffer_Push)
    i.RingBuffer_ReadByte                    0x080030de   Section        0  ring_buffer.o(i.RingBuffer_ReadByte)
    i.RingBuffer_ReadByteArray               0x080030ea   Section        0  ring_buffer.o(i.RingBuffer_ReadByteArray)
    i.RingBuffer_WriteByte                   0x08003108   Section        0  ring_buffer.o(i.RingBuffer_WriteByte)
    i.RingBuffer_WriteByteArray              0x08003118   Section        0  ring_buffer.o(i.RingBuffer_WriteByteArray)
    i.RingBuffer_WriteLong                   0x08003136   Section        0  ring_buffer.o(i.RingBuffer_WriteLong)
    i.RingBuffer_WriteShort                  0x08003148   Section        0  ring_buffer.o(i.RingBuffer_WriteShort)
    i.RingBuffer_WriteULong                  0x0800315a   Section        0  ring_buffer.o(i.RingBuffer_WriteULong)
    i.RingBuffer_WriteUShort                 0x0800316c   Section        0  ring_buffer.o(i.RingBuffer_WriteUShort)
    i.SVC_Handler                            0x0800317e   Section        0  stm32f4xx_it.o(i.SVC_Handler)
    i.SetSysClock                            0x08003180   Section        0  system_stm32f4xx.o(i.SetSysClock)
    SetSysClock                              0x08003181   Thumb Code   220  system_stm32f4xx.o(i.SetSysClock)
    i.SysTick_Config                         0x0800326c   Section        0  sys_tick.o(i.SysTick_Config)
    SysTick_Config                           0x0800326d   Thumb Code    74  sys_tick.o(i.SysTick_Config)
    i.SysTick_CountdownBegin                 0x080032c0   Section        0  sys_tick.o(i.SysTick_CountdownBegin)
    i.SysTick_CountdownCancel                0x080032e0   Section        0  sys_tick.o(i.SysTick_CountdownCancel)
    i.SysTick_CountdownIsTimeout             0x080032fc   Section        0  sys_tick.o(i.SysTick_CountdownIsTimeout)
    i.SysTick_DelayMs                        0x08003310   Section        0  sys_tick.o(i.SysTick_DelayMs)
    i.SysTick_Handler                        0x08003324   Section        0  sys_tick.o(i.SysTick_Handler)
    i.SysTick_Init                           0x08003344   Section        0  sys_tick.o(i.SysTick_Init)
    i.SysTick_Wait                           0x08003374   Section        0  sys_tick.o(i.SysTick_Wait)
    i.SystemInit                             0x080033a4   Section        0  system_stm32f4xx.o(i.SystemInit)
    i.USART1_IRQHandler                      0x0800340c   Section        0  usart.o(i.USART1_IRQHandler)
    i.USART2_IRQHandler                      0x08003438   Section        0  usart.o(i.USART2_IRQHandler)
    i.USART_ClearFlag                        0x08003464   Section        0  stm32f4xx_usart.o(i.USART_ClearFlag)
    i.USART_Cmd                              0x08003476   Section        0  stm32f4xx_usart.o(i.USART_Cmd)
    i.USART_GetFlagStatus                    0x0800348e   Section        0  stm32f4xx_usart.o(i.USART_GetFlagStatus)
    i.USART_GetITStatus                      0x080034a8   Section        0  stm32f4xx_usart.o(i.USART_GetITStatus)
    i.USART_ITConfig                         0x080034fc   Section        0  stm32f4xx_usart.o(i.USART_ITConfig)
    i.USART_Init                             0x08003548   Section        0  stm32f4xx_usart.o(i.USART_Init)
    i.USART_ReceiveData                      0x0800361c   Section        0  stm32f4xx_usart.o(i.USART_ReceiveData)
    i.USART_SendData                         0x08003626   Section        0  stm32f4xx_usart.o(i.USART_SendData)
    i.UsageFault_Handler                     0x0800362e   Section        0  stm32f4xx_it.o(i.UsageFault_Handler)
    i.Usart_Init                             0x08003634   Section        0  usart.o(i.Usart_Init)
    i.Usart_SendAll                          0x08003808   Section        0  usart.o(i.Usart_SendAll)
    i.Usart_SendByte                         0x0800382a   Section        0  usart.o(i.Usart_SendByte)
    i.Usart_SendByteArr                      0x08003848   Section        0  usart.o(i.Usart_SendByteArr)
    i.__ARM_fpclassify                       0x0800386a   Section        0  fpclassify.o(i.__ARM_fpclassify)
    i._is_digit                              0x0800389a   Section        0  __printf_wp.o(i._is_digit)
    i._sys_exit                              0x080038a8   Section        0  usart.o(i._sys_exit)
    i._ttywrch                               0x080038ac   Section        0  usart.o(i._ttywrch)
    i.fputc                                  0x080038b0   Section        0  usart.o(i.fputc)
    i.main                                   0x080038d8   Section        0  main.o(i.main)
    locale$$code                             0x080038f0   Section       44  lc_numeric_c.o(locale$$code)
    x$fpl$d2f                                0x0800391c   Section       98  d2f.o(x$fpl$d2f)
    $v0                                      0x0800391c   Number         0  d2f.o(x$fpl$d2f)
    x$fpl$ddiv                               0x08003980   Section      688  ddiv.o(x$fpl$ddiv)
    $v0                                      0x08003980   Number         0  ddiv.o(x$fpl$ddiv)
    ddiv_entry                               0x08003987   Thumb Code     0  ddiv.o(x$fpl$ddiv)
    x$fpl$dflt                               0x08003c30   Section       46  dflt_clz.o(x$fpl$dflt)
    $v0                                      0x08003c30   Number         0  dflt_clz.o(x$fpl$dflt)
    x$fpl$dnaninf                            0x08003c5e   Section      156  dnaninf.o(x$fpl$dnaninf)
    $v0                                      0x08003c5e   Number         0  dnaninf.o(x$fpl$dnaninf)
    x$fpl$dretinf                            0x08003cfa   Section       12  dretinf.o(x$fpl$dretinf)
    $v0                                      0x08003cfa   Number         0  dretinf.o(x$fpl$dretinf)
    x$fpl$f2d                                0x08003d08   Section       86  f2d.o(x$fpl$f2d)
    $v0                                      0x08003d08   Number         0  f2d.o(x$fpl$f2d)
    x$fpl$fnaninf                            0x08003d5e   Section      140  fnaninf.o(x$fpl$fnaninf)
    $v0                                      0x08003d5e   Number         0  fnaninf.o(x$fpl$fnaninf)
    x$fpl$fpinit                             0x08003dea   Section       10  fpinit.o(x$fpl$fpinit)
    $v0                                      0x08003dea   Number         0  fpinit.o(x$fpl$fpinit)
    x$fpl$fretinf                            0x08003df4   Section       10  fretinf.o(x$fpl$fretinf)
    $v0                                      0x08003df4   Number         0  fretinf.o(x$fpl$fretinf)
    x$fpl$printf1                            0x08003dfe   Section        4  printf1.o(x$fpl$printf1)
    $v0                                      0x08003dfe   Number         0  printf1.o(x$fpl$printf1)
    x$fpl$usenofp                            0x08003e02   Section        0  usenofp.o(x$fpl$usenofp)
    .constdata                               0x08003e04   Section      148  bigflt0.o(.constdata)
    tenpwrs_x                                0x08003e04   Data          60  bigflt0.o(.constdata)
    tenpwrs_i                                0x08003e40   Data          64  bigflt0.o(.constdata)
    locale$$data                             0x08003eb8   Section       28  lc_numeric_c.o(locale$$data)
    __lcnum_c_name                           0x08003ebc   Data           2  lc_numeric_c.o(locale$$data)
    __lcnum_c_start                          0x08003ec4   Data           0  lc_numeric_c.o(locale$$data)
    __lcnum_c_point                          0x08003ed0   Data           0  lc_numeric_c.o(locale$$data)
    __lcnum_c_thousands                      0x08003ed2   Data           0  lc_numeric_c.o(locale$$data)
    __lcnum_c_grouping                       0x08003ed3   Data           0  lc_numeric_c.o(locale$$data)
    __lcnum_c_end                            0x08003ed4   Data           0  lc_numeric_c.o(locale$$data)
    .data                                    0x20000000   Section       20  system_stm32f4xx.o(.data)
    .data                                    0x20000014   Section        4  fashion_star_uart_servo_examples.o(.data)
    .data                                    0x20000018   Section        4  usart.o(.data)
    .data                                    0x2000001c   Section        4  sys_tick.o(.data)
    sysTickCnt                               0x2000001c   Data           4  sys_tick.o(.data)
    .data                                    0x20000020   Section       16  stm32f4xx_rcc.o(.data)
    APBAHBPrescTable                         0x20000020   Data          16  stm32f4xx_rcc.o(.data)
    .bss                                     0x20000030   Section     8272  usart.o(.bss)
    .bss                                     0x20002080   Section       96  libspace.o(.bss)
    HEAP                                     0x200020e0   Section      512  startup_stm32f40_41xxx.o(HEAP)
    Heap_Mem                                 0x200020e0   Data         512  startup_stm32f40_41xxx.o(HEAP)
    STACK                                    0x200022e0   Section     1024  startup_stm32f40_41xxx.o(STACK)
    Stack_Mem                                0x200022e0   Data        1024  startup_stm32f40_41xxx.o(STACK)
    __initial_sp                             0x200026e0   Data           0  startup_stm32f40_41xxx.o(STACK)

    Global Symbols

    Symbol Name                              Value     Ov Type        Size  Object(Section)

    BuildAttributes$$THM_ISAv4$E$P$D$K$B$S$7EM$VFPi3$EXTD16$VFPS$VFMA$PE$A:L22UL41UL21$X:L11$S22US41US21$IEEE1$IW$USESV6$~STKCKD$USESV7$~SHL$OTIME$ROPI$IEEEJ$EBA8$UX$STANDARDLIB$REQ8$PRES8$EABIv2 0x00000000   Number         0  anon$$obj.o ABSOLUTE
    __ARM_use_no_argv                        0x00000000   Number         0  main.o ABSOLUTE
    _printf_flags                            0x00000000   Number         0  printf_stubs.o ABSOLUTE
    _printf_return_value                     0x00000000   Number         0  printf_stubs.o ABSOLUTE
    _printf_sizespec                         0x00000000   Number         0  printf_stubs.o ABSOLUTE
    _printf_widthprec                        0x00000000   Number         0  printf_stubs.o ABSOLUTE
    __ARM_exceptions_init                     - Undefined Weak Reference
    __alloca_initialize                       - Undefined Weak Reference
    __arm_fini_                               - Undefined Weak Reference
    __arm_preinit_                            - Undefined Weak Reference
    __cpp_initialize__aeabi_                  - Undefined Weak Reference
    __cxa_finalize                            - Undefined Weak Reference
    __sigvec_lookup                           - Undefined Weak Reference
    __user_heap_extent                        - Undefined Weak Reference
    _atexit_init                              - Undefined Weak Reference
    _call_atexit_fns                          - Undefined Weak Reference
    _clock_init                               - Undefined Weak Reference
    _fp_trap_init                             - Undefined Weak Reference
    _fp_trap_shutdown                         - Undefined Weak Reference
    _get_lc_collate                           - Undefined Weak Reference
    _get_lc_ctype                             - Undefined Weak Reference
    _get_lc_monetary                          - Undefined Weak Reference
    _get_lc_time                              - Undefined Weak Reference
    _getenv_init                              - Undefined Weak Reference
    _handle_redirection                       - Undefined Weak Reference
    _initio                                   - Undefined Weak Reference
    _mutex_acquire                            - Undefined Weak Reference
    _mutex_free                               - Undefined Weak Reference
    _mutex_release                            - Undefined Weak Reference
    _printf_post_padding                      - Undefined Weak Reference
    _printf_pre_padding                       - Undefined Weak Reference
    _printf_truncate_signed                   - Undefined Weak Reference
    _printf_truncate_unsigned                 - Undefined Weak Reference
    _rand_init                                - Undefined Weak Reference
    _signal_finish                            - Undefined Weak Reference
    _signal_init                              - Undefined Weak Reference
    _terminateio                              - Undefined Weak Reference
    __Vectors_Size                           0x00000188   Number         0  startup_stm32f40_41xxx.o ABSOLUTE
    __Vectors                                0x08000000   Data           4  startup_stm32f40_41xxx.o(RESET)
    __Vectors_End                            0x08000188   Data           0  startup_stm32f40_41xxx.o(RESET)
    __main                                   0x08000189   Thumb Code     8  __main.o(!!!main)
    __scatterload                            0x08000191   Thumb Code     0  __scatter.o(!!!scatter)
    __scatterload_rt2                        0x08000191   Thumb Code    44  __scatter.o(!!!scatter)
    __scatterload_rt2_thumb_only             0x08000191   Thumb Code     0  __scatter.o(!!!scatter)
    __scatterload_null                       0x0800019f   Thumb Code     0  __scatter.o(!!!scatter)
    __scatterload_copy                       0x080001c5   Thumb Code    26  __scatter_copy.o(!!handler_copy)
    __scatterload_zeroinit                   0x080001e1   Thumb Code    28  __scatter_zi.o(!!handler_zi)
    _printf_f                                0x080001fd   Thumb Code     0  _printf_f.o(.ARM.Collect$$_printf_percent$$00000003)
    _printf_percent                          0x080001fd   Thumb Code     0  _printf_percent.o(.ARM.Collect$$_printf_percent$$00000000)
    _printf_d                                0x08000203   Thumb Code     0  _printf_d.o(.ARM.Collect$$_printf_percent$$00000009)
    _printf_percent_end                      0x08000209   Thumb Code     0  _printf_percent_end.o(.ARM.Collect$$_printf_percent$$00000017)
    __rt_lib_init                            0x0800020d   Thumb Code     0  libinit.o(.ARM.Collect$$libinit$$00000000)
    __rt_lib_init_fp_1                       0x0800020f   Thumb Code     0  libinit2.o(.ARM.Collect$$libinit$$00000001)
    __rt_lib_init_heap_2                     0x08000213   Thumb Code     0  libinit2.o(.ARM.Collect$$libinit$$00000005)
    __rt_lib_init_preinit_1                  0x08000213   Thumb Code     0  libinit2.o(.ARM.Collect$$libinit$$00000004)
    __rt_lib_init_heap_1                     0x0800021b   Thumb Code     0  libinit2.o(.ARM.Collect$$libinit$$0000000A)
    __rt_lib_init_lc_common                  0x0800021b   Thumb Code     0  libinit2.o(.ARM.Collect$$libinit$$0000000F)
    __rt_lib_init_rand_1                     0x0800021b   Thumb Code     0  libinit2.o(.ARM.Collect$$libinit$$0000000E)
    __rt_lib_init_user_alloc_1               0x0800021b   Thumb Code     0  libinit2.o(.ARM.Collect$$libinit$$0000000C)
    __rt_lib_init_lc_collate_1               0x08000221   Thumb Code     0  libinit2.o(.ARM.Collect$$libinit$$00000011)
    __rt_lib_init_lc_ctype_1                 0x08000221   Thumb Code     0  libinit2.o(.ARM.Collect$$libinit$$00000013)
    __rt_lib_init_lc_monetary_1              0x08000221   Thumb Code     0  libinit2.o(.ARM.Collect$$libinit$$00000015)
    __rt_lib_init_lc_numeric_2               0x08000221   Thumb Code     0  libinit2.o(.ARM.Collect$$libinit$$00000016)
    __rt_lib_init_alloca_1                   0x0800022b   Thumb Code     0  libinit2.o(.ARM.Collect$$libinit$$0000002E)
    __rt_lib_init_argv_1                     0x0800022b   Thumb Code     0  libinit2.o(.ARM.Collect$$libinit$$0000002C)
    __rt_lib_init_atexit_1                   0x0800022b   Thumb Code     0  libinit2.o(.ARM.Collect$$libinit$$0000001B)
    __rt_lib_init_clock_1                    0x0800022b   Thumb Code     0  libinit2.o(.ARM.Collect$$libinit$$00000021)
    __rt_lib_init_cpp_1                      0x0800022b   Thumb Code     0  libinit2.o(.ARM.Collect$$libinit$$00000032)
    __rt_lib_init_exceptions_1               0x0800022b   Thumb Code     0  libinit2.o(.ARM.Collect$$libinit$$00000030)
    __rt_lib_init_fp_trap_1                  0x0800022b   Thumb Code     0  libinit2.o(.ARM.Collect$$libinit$$0000001F)
    __rt_lib_init_getenv_1                   0x0800022b   Thumb Code     0  libinit2.o(.ARM.Collect$$libinit$$00000023)
    __rt_lib_init_lc_numeric_1               0x0800022b   Thumb Code     0  libinit2.o(.ARM.Collect$$libinit$$00000017)
    __rt_lib_init_lc_time_1                  0x0800022b   Thumb Code     0  libinit2.o(.ARM.Collect$$libinit$$00000019)
    __rt_lib_init_return                     0x0800022b   Thumb Code     0  libinit2.o(.ARM.Collect$$libinit$$00000033)
    __rt_lib_init_signal_1                   0x0800022b   Thumb Code     0  libinit2.o(.ARM.Collect$$libinit$$0000001D)
    __rt_lib_init_stdio_1                    0x0800022b   Thumb Code     0  libinit2.o(.ARM.Collect$$libinit$$00000025)
    __rt_lib_shutdown                        0x0800022d   Thumb Code     0  libshutdown.o(.ARM.Collect$$libshutdown$$00000000)
    __rt_lib_shutdown_cpp_1                  0x0800022f   Thumb Code     0  libshutdown2.o(.ARM.Collect$$libshutdown$$00000004)
    __rt_lib_shutdown_fini_1                 0x0800022f   Thumb Code     0  libshutdown2.o(.ARM.Collect$$libshutdown$$00000002)
    __rt_lib_shutdown_fp_trap_1              0x0800022f   Thumb Code     0  libshutdown2.o(.ARM.Collect$$libshutdown$$00000009)
    __rt_lib_shutdown_heap_1                 0x0800022f   Thumb Code     0  libshutdown2.o(.ARM.Collect$$libshutdown$$00000011)
    __rt_lib_shutdown_return                 0x0800022f   Thumb Code     0  libshutdown2.o(.ARM.Collect$$libshutdown$$00000012)
    __rt_lib_shutdown_signal_1               0x0800022f   Thumb Code     0  libshutdown2.o(.ARM.Collect$$libshutdown$$0000000C)
    __rt_lib_shutdown_stdio_1                0x0800022f   Thumb Code     0  libshutdown2.o(.ARM.Collect$$libshutdown$$00000006)
    __rt_lib_shutdown_user_alloc_1           0x0800022f   Thumb Code     0  libshutdown2.o(.ARM.Collect$$libshutdown$$0000000E)
    __rt_entry                               0x08000231   Thumb Code     0  __rtentry.o(.ARM.Collect$$rtentry$$00000000)
    __rt_entry_presh_1                       0x08000231   Thumb Code     0  __rtentry2.o(.ARM.Collect$$rtentry$$00000002)
    __rt_entry_sh                            0x08000231   Thumb Code     0  __rtentry4.o(.ARM.Collect$$rtentry$$00000004)
    __rt_entry_li                            0x08000237   Thumb Code     0  __rtentry2.o(.ARM.Collect$$rtentry$$0000000A)
    __rt_entry_postsh_1                      0x08000237   Thumb Code     0  __rtentry2.o(.ARM.Collect$$rtentry$$00000009)
    __rt_entry_main                          0x0800023b   Thumb Code     0  __rtentry2.o(.ARM.Collect$$rtentry$$0000000D)
    __rt_entry_postli_1                      0x0800023b   Thumb Code     0  __rtentry2.o(.ARM.Collect$$rtentry$$0000000C)
    __rt_exit                                0x08000243   Thumb Code     0  rtexit.o(.ARM.Collect$$rtexit$$00000000)
    __rt_exit_ls                             0x08000245   Thumb Code     0  rtexit2.o(.ARM.Collect$$rtexit$$00000003)
    __rt_exit_prels_1                        0x08000245   Thumb Code     0  rtexit2.o(.ARM.Collect$$rtexit$$00000002)
    __rt_exit_exit                           0x08000249   Thumb Code     0  rtexit2.o(.ARM.Collect$$rtexit$$00000004)
    Reset_Handler                            0x08000251   Thumb Code     8  startup_stm32f40_41xxx.o(.text)
    _maybe_terminate_alloc                   0x08000251   Thumb Code     0  maybetermalloc1.o(.emb_text)
    ADC_IRQHandler                           0x0800026b   Thumb Code     0  startup_stm32f40_41xxx.o(.text)
    CAN1_RX0_IRQHandler                      0x0800026b   Thumb Code     0  startup_stm32f40_41xxx.o(.text)
    CAN1_RX1_IRQHandler                      0x0800026b   Thumb Code     0  startup_stm32f40_41xxx.o(.text)
    CAN1_SCE_IRQHandler                      0x0800026b   Thumb Code     0  startup_stm32f40_41xxx.o(.text)
    CAN1_TX_IRQHandler                       0x0800026b   Thumb Code     0  startup_stm32f40_41xxx.o(.text)
    CAN2_RX0_IRQHandler                      0x0800026b   Thumb Code     0  startup_stm32f40_41xxx.o(.text)
    CAN2_RX1_IRQHandler                      0x0800026b   Thumb Code     0  startup_stm32f40_41xxx.o(.text)
    CAN2_SCE_IRQHandler                      0x0800026b   Thumb Code     0  startup_stm32f40_41xxx.o(.text)
    CAN2_TX_IRQHandler                       0x0800026b   Thumb Code     0  startup_stm32f40_41xxx.o(.text)
    CRYP_IRQHandler                          0x0800026b   Thumb Code     0  startup_stm32f40_41xxx.o(.text)
    DCMI_IRQHandler                          0x0800026b   Thumb Code     0  startup_stm32f40_41xxx.o(.text)
    DMA1_Stream0_IRQHandler                  0x0800026b   Thumb Code     0  startup_stm32f40_41xxx.o(.text)
    DMA1_Stream1_IRQHandler                  0x0800026b   Thumb Code     0  startup_stm32f40_41xxx.o(.text)
    DMA1_Stream2_IRQHandler                  0x0800026b   Thumb Code     0  startup_stm32f40_41xxx.o(.text)
    DMA1_Stream3_IRQHandler                  0x0800026b   Thumb Code     0  startup_stm32f40_41xxx.o(.text)
    DMA1_Stream4_IRQHandler                  0x0800026b   Thumb Code     0  startup_stm32f40_41xxx.o(.text)
    DMA1_Stream5_IRQHandler                  0x0800026b   Thumb Code     0  startup_stm32f40_41xxx.o(.text)
    DMA1_Stream6_IRQHandler                  0x0800026b   Thumb Code     0  startup_stm32f40_41xxx.o(.text)
    DMA1_Stream7_IRQHandler                  0x0800026b   Thumb Code     0  startup_stm32f40_41xxx.o(.text)
    DMA2_Stream0_IRQHandler                  0x0800026b   Thumb Code     0  startup_stm32f40_41xxx.o(.text)
    DMA2_Stream1_IRQHandler                  0x0800026b   Thumb Code     0  startup_stm32f40_41xxx.o(.text)
    DMA2_Stream2_IRQHandler                  0x0800026b   Thumb Code     0  startup_stm32f40_41xxx.o(.text)
    DMA2_Stream3_IRQHandler                  0x0800026b   Thumb Code     0  startup_stm32f40_41xxx.o(.text)
    DMA2_Stream4_IRQHandler                  0x0800026b   Thumb Code     0  startup_stm32f40_41xxx.o(.text)
    DMA2_Stream5_IRQHandler                  0x0800026b   Thumb Code     0  startup_stm32f40_41xxx.o(.text)
    DMA2_Stream6_IRQHandler                  0x0800026b   Thumb Code     0  startup_stm32f40_41xxx.o(.text)
    DMA2_Stream7_IRQHandler                  0x0800026b   Thumb Code     0  startup_stm32f40_41xxx.o(.text)
    ETH_IRQHandler                           0x0800026b   Thumb Code     0  startup_stm32f40_41xxx.o(.text)
    ETH_WKUP_IRQHandler                      0x0800026b   Thumb Code     0  startup_stm32f40_41xxx.o(.text)
    EXTI0_IRQHandler                         0x0800026b   Thumb Code     0  startup_stm32f40_41xxx.o(.text)
    EXTI15_10_IRQHandler                     0x0800026b   Thumb Code     0  startup_stm32f40_41xxx.o(.text)
    EXTI1_IRQHandler                         0x0800026b   Thumb Code     0  startup_stm32f40_41xxx.o(.text)
    EXTI2_IRQHandler                         0x0800026b   Thumb Code     0  startup_stm32f40_41xxx.o(.text)
    EXTI3_IRQHandler                         0x0800026b   Thumb Code     0  startup_stm32f40_41xxx.o(.text)
    EXTI4_IRQHandler                         0x0800026b   Thumb Code     0  startup_stm32f40_41xxx.o(.text)
    EXTI9_5_IRQHandler                       0x0800026b   Thumb Code     0  startup_stm32f40_41xxx.o(.text)
    FLASH_IRQHandler                         0x0800026b   Thumb Code     0  startup_stm32f40_41xxx.o(.text)
    FPU_IRQHandler                           0x0800026b   Thumb Code     0  startup_stm32f40_41xxx.o(.text)
    FSMC_IRQHandler                          0x0800026b   Thumb Code     0  startup_stm32f40_41xxx.o(.text)
    HASH_RNG_IRQHandler                      0x0800026b   Thumb Code     0  startup_stm32f40_41xxx.o(.text)
    I2C1_ER_IRQHandler                       0x0800026b   Thumb Code     0  startup_stm32f40_41xxx.o(.text)
    I2C1_EV_IRQHandler                       0x0800026b   Thumb Code     0  startup_stm32f40_41xxx.o(.text)
    I2C2_ER_IRQHandler                       0x0800026b   Thumb Code     0  startup_stm32f40_41xxx.o(.text)
    I2C2_EV_IRQHandler                       0x0800026b   Thumb Code     0  startup_stm32f40_41xxx.o(.text)
    I2C3_ER_IRQHandler                       0x0800026b   Thumb Code     0  startup_stm32f40_41xxx.o(.text)
    I2C3_EV_IRQHandler                       0x0800026b   Thumb Code     0  startup_stm32f40_41xxx.o(.text)
    OTG_FS_IRQHandler                        0x0800026b   Thumb Code     0  startup_stm32f40_41xxx.o(.text)
    OTG_FS_WKUP_IRQHandler                   0x0800026b   Thumb Code     0  startup_stm32f40_41xxx.o(.text)
    OTG_HS_EP1_IN_IRQHandler                 0x0800026b   Thumb Code     0  startup_stm32f40_41xxx.o(.text)
    OTG_HS_EP1_OUT_IRQHandler                0x0800026b   Thumb Code     0  startup_stm32f40_41xxx.o(.text)
    OTG_HS_IRQHandler                        0x0800026b   Thumb Code     0  startup_stm32f40_41xxx.o(.text)
    OTG_HS_WKUP_IRQHandler                   0x0800026b   Thumb Code     0  startup_stm32f40_41xxx.o(.text)
    PVD_IRQHandler                           0x0800026b   Thumb Code     0  startup_stm32f40_41xxx.o(.text)
    RCC_IRQHandler                           0x0800026b   Thumb Code     0  startup_stm32f40_41xxx.o(.text)
    RTC_Alarm_IRQHandler                     0x0800026b   Thumb Code     0  startup_stm32f40_41xxx.o(.text)
    RTC_WKUP_IRQHandler                      0x0800026b   Thumb Code     0  startup_stm32f40_41xxx.o(.text)
    SDIO_IRQHandler                          0x0800026b   Thumb Code     0  startup_stm32f40_41xxx.o(.text)
    SPI1_IRQHandler                          0x0800026b   Thumb Code     0  startup_stm32f40_41xxx.o(.text)
    SPI2_IRQHandler                          0x0800026b   Thumb Code     0  startup_stm32f40_41xxx.o(.text)
    SPI3_IRQHandler                          0x0800026b   Thumb Code     0  startup_stm32f40_41xxx.o(.text)
    TAMP_STAMP_IRQHandler                    0x0800026b   Thumb Code     0  startup_stm32f40_41xxx.o(.text)
    TIM1_BRK_TIM9_IRQHandler                 0x0800026b   Thumb Code     0  startup_stm32f40_41xxx.o(.text)
    TIM1_CC_IRQHandler                       0x0800026b   Thumb Code     0  startup_stm32f40_41xxx.o(.text)
    TIM1_TRG_COM_TIM11_IRQHandler            0x0800026b   Thumb Code     0  startup_stm32f40_41xxx.o(.text)
    TIM1_UP_TIM10_IRQHandler                 0x0800026b   Thumb Code     0  startup_stm32f40_41xxx.o(.text)
    TIM2_IRQHandler                          0x0800026b   Thumb Code     0  startup_stm32f40_41xxx.o(.text)
    TIM3_IRQHandler                          0x0800026b   Thumb Code     0  startup_stm32f40_41xxx.o(.text)
    TIM4_IRQHandler                          0x0800026b   Thumb Code     0  startup_stm32f40_41xxx.o(.text)
    TIM5_IRQHandler                          0x0800026b   Thumb Code     0  startup_stm32f40_41xxx.o(.text)
    TIM6_DAC_IRQHandler                      0x0800026b   Thumb Code     0  startup_stm32f40_41xxx.o(.text)
    TIM7_IRQHandler                          0x0800026b   Thumb Code     0  startup_stm32f40_41xxx.o(.text)
    TIM8_BRK_TIM12_IRQHandler                0x0800026b   Thumb Code     0  startup_stm32f40_41xxx.o(.text)
    TIM8_CC_IRQHandler                       0x0800026b   Thumb Code     0  startup_stm32f40_41xxx.o(.text)
    TIM8_TRG_COM_TIM14_IRQHandler            0x0800026b   Thumb Code     0  startup_stm32f40_41xxx.o(.text)
    TIM8_UP_TIM13_IRQHandler                 0x0800026b   Thumb Code     0  startup_stm32f40_41xxx.o(.text)
    UART4_IRQHandler                         0x0800026b   Thumb Code     0  startup_stm32f40_41xxx.o(.text)
    UART5_IRQHandler                         0x0800026b   Thumb Code     0  startup_stm32f40_41xxx.o(.text)
    USART3_IRQHandler                        0x0800026b   Thumb Code     0  startup_stm32f40_41xxx.o(.text)
    USART6_IRQHandler                        0x0800026b   Thumb Code     0  startup_stm32f40_41xxx.o(.text)
    WWDG_IRQHandler                          0x0800026b   Thumb Code     0  startup_stm32f40_41xxx.o(.text)
    __user_initial_stackheap                 0x0800026d   Thumb Code     0  startup_stm32f40_41xxx.o(.text)
    __use_no_semihosting                     0x08000291   Thumb Code     2  use_no_semi_2.o(.text)
    malloc                                   0x08000293   Thumb Code    94  h1_alloc.o(.text)
    free                                     0x080002f1   Thumb Code    78  h1_free.o(.text)
    __2printf                                0x08000341   Thumb Code    20  noretval__2printf.o(.text)
    _printf_int_dec                          0x08000359   Thumb Code   104  _printf_dec.o(.text)
    __printf                                 0x080003d1   Thumb Code   270  __printf_wp.o(.text)
    __use_two_region_memory                  0x080004df   Thumb Code     2  heapauxi.o(.text)
    __rt_heap_escrow                         0x080004e1   Thumb Code     2  heapauxi.o(.text)
    __rt_heap_expand                         0x080004e3   Thumb Code     2  heapauxi.o(.text)
    __I$use$semihosting                      0x080004e5   Thumb Code     0  use_no_semi.o(.text)
    __use_no_semihosting_swi                 0x080004e5   Thumb Code     2  use_no_semi.o(.text)
    __rt_heap_descriptor                     0x080004e9   Thumb Code     8  rt_heap_descriptor_intlibspace.o(.text)
    __use_no_heap                            0x080004f1   Thumb Code     2  hguard.o(.text)
    __heap$guard                             0x080004f3   Thumb Code     2  hguard.o(.text)
    _terminate_user_alloc                    0x080004f5   Thumb Code     2  init_alloc.o(.text)
    _init_user_alloc                         0x080004f7   Thumb Code     2  init_alloc.o(.text)
    __Heap_Full                              0x080004f9   Thumb Code    34  init_alloc.o(.text)
    __Heap_Broken                            0x0800051b   Thumb Code     6  init_alloc.o(.text)
    _init_alloc                              0x08000521   Thumb Code    94  init_alloc.o(.text)
    __Heap_Initialize                        0x0800057f   Thumb Code    10  h1_init.o(.text)
    __Heap_DescSize                          0x08000589   Thumb Code     4  h1_init.o(.text)
    _printf_int_common                       0x0800058d   Thumb Code   178  _printf_intcommon.o(.text)
    __lib_sel_fp_printf                      0x0800063f   Thumb Code     2  _printf_fp_dec.o(.text)
    _printf_fp_dec_real                      0x080007f1   Thumb Code   620  _printf_fp_dec.o(.text)
    _printf_char_file                        0x08000a5d   Thumb Code    32  _printf_char_file.o(.text)
    __user_libspace                          0x08000a81   Thumb Code     8  libspace.o(.text)
    __user_perproc_libspace                  0x08000a81   Thumb Code     0  libspace.o(.text)
    __user_perthread_libspace                0x08000a81   Thumb Code     0  libspace.o(.text)
    __rt_locale                              0x08000a89   Thumb Code     8  rt_locale_intlibspace.o(.text)
    __Heap_ProvideMemory                     0x08000a91   Thumb Code    52  h1_extend.o(.text)
    _ll_udiv10                               0x08000ac5   Thumb Code   138  lludiv10.o(.text)
    _printf_char_common                      0x08000b5b   Thumb Code    32  _printf_char_common.o(.text)
    _printf_fp_infnan                        0x08000b81   Thumb Code   112  _printf_fp_infnan.o(.text)
    _btod_etento                             0x08000c01   Thumb Code   224  bigflt0.o(.text)
    ferror                                   0x08000ce5   Thumb Code     8  ferror.o(.text)
    __rt_SIGRTMEM                            0x08000ced   Thumb Code    14  defsig_rtmem_outer.o(.text)
    __user_setup_stackheap                   0x08000cfb   Thumb Code    74  sys_stackheap_outer.o(.text)
    exit                                     0x08000d45   Thumb Code    18  exit.o(.text)
    __sig_exit                               0x08000d57   Thumb Code    10  defsig_exit.o(.text)
    __rt_SIGRTMEM_inner                      0x08000d61   Thumb Code    22  defsig_rtmem_inner.o(.text)
    strcmp                                   0x08000db1   Thumb Code   128  strcmpv7m.o(.text)
    __default_signal_display                 0x08000e31   Thumb Code    50  defsig_general.o(.text)
    _btod_d2e                                0x08000e63   Thumb Code    62  btod.o(CL$$btod_d2e)
    _d2e_denorm_low                          0x08000ea1   Thumb Code    70  btod.o(CL$$btod_d2e_denorm_low)
    _d2e_norm_op1                            0x08000ee7   Thumb Code    96  btod.o(CL$$btod_d2e_norm_op1)
    __btod_div_common                        0x08000f47   Thumb Code   696  btod.o(CL$$btod_div_common)
    _e2e                                     0x0800127f   Thumb Code   220  btod.o(CL$$btod_e2e)
    _btod_ediv                               0x0800135b   Thumb Code    42  btod.o(CL$$btod_ediv)
    _btod_emul                               0x08001385   Thumb Code    42  btod.o(CL$$btod_emul)
    __btod_mult_common                       0x080013af   Thumb Code   580  btod.o(CL$$btod_mult_common)
    BusFault_Handler                         0x080015f3   Thumb Code     4  stm32f4xx_it.o(i.BusFault_Handler)
    DebugMon_Handler                         0x080015f7   Thumb Code     2  stm32f4xx_it.o(i.DebugMon_Handler)
    FSUSExample_EstimateTimeMs               0x080015f9   Thumb Code    50  fashion_star_uart_servo_examples.o(i.FSUSExample_EstimateTimeMs)
    FSUSExample_LEDBlink                     0x08001635   Thumb Code    34  fashion_star_uart_servo_examples.o(i.FSUSExample_LEDBlink)
    FSUSExample_PingServo                    0x08001675   Thumb Code   100  fashion_star_uart_servo_examples.o(i.FSUSExample_PingServo)
    FSUSExample_ReadData                     0x08001735   Thumb Code   112  fashion_star_uart_servo_examples.o(i.FSUSExample_ReadData)
    FSUSExample_ResetData                    0x08001811   Thumb Code    42  fashion_star_uart_servo_examples.o(i.FSUSExample_ResetData)
    FSUSExample_Run                          0x08001885   Thumb Code    80  fashion_star_uart_servo_examples.o(i.FSUSExample_Run)
    FSUSExample_SetNServoAngle               0x080018d5   Thumb Code   176  fashion_star_uart_servo_examples.o(i.FSUSExample_SetNServoAngle)
    FSUSExample_SetServoAngle                0x08001999   Thumb Code   268  fashion_star_uart_servo_examples.o(i.FSUSExample_SetServoAngle)
    FSUSExample_SetServoAngleMTurn           0x08001b0d   Thumb Code   340  fashion_star_uart_servo_examples.o(i.FSUSExample_SetServoAngleMTurn)
    FSUSExample_SetServoDamping              0x08001cf9   Thumb Code   100  fashion_star_uart_servo_examples.o(i.FSUSExample_SetServoDamping)
    FSUSExample_UsartEcho                    0x08001de1   Thumb Code   120  fashion_star_uart_servo_examples.o(i.FSUSExample_UsartEcho)
    FSUSExample_WheelKeepMove                0x08001eb1   Thumb Code    94  fashion_star_uart_servo_examples.o(i.FSUSExample_WheelKeepMove)
    FSUSExample_WheelMoveNCircle             0x08001f15   Thumb Code    94  fashion_star_uart_servo_examples.o(i.FSUSExample_WheelMoveNCircle)
    FSUSExample_WheelMoveNTime               0x08001f79   Thumb Code    80  fashion_star_uart_servo_examples.o(i.FSUSExample_WheelMoveNTime)
    FSUSExample_WriteData                    0x08001fcd   Thumb Code   236  fashion_star_uart_servo_examples.o(i.FSUSExample_WriteData)
    FSUS_CalcChecksum                        0x08002151   Thumb Code    50  fashion_star_uart_servo.o(i.FSUS_CalcChecksum)
    FSUS_DampingMode                         0x08002183   Thumb Code    60  fashion_star_uart_servo.o(i.FSUS_DampingMode)
    FSUS_Package2RingBuffer                  0x080021bf   Thumb Code    58  fashion_star_uart_servo.o(i.FSUS_Package2RingBuffer)
    FSUS_Ping                                0x080021f9   Thumb Code    52  fashion_star_uart_servo.o(i.FSUS_Ping)
    FSUS_QueryServoAngle                     0x0800222d   Thumb Code   116  fashion_star_uart_servo.o(i.FSUS_QueryServoAngle)
    FSUS_QueryServoAngleMTurn                0x080022a9   Thumb Code   130  fashion_star_uart_servo.o(i.FSUS_QueryServoAngleMTurn)
    FSUS_ReadData                            0x08002335   Thumb Code    88  fashion_star_uart_servo.o(i.FSUS_ReadData)
    FSUS_RecvPackage                         0x0800238d   Thumb Code   312  fashion_star_uart_servo.o(i.FSUS_RecvPackage)
    FSUS_ResetUserData                       0x080024c5   Thumb Code    54  fashion_star_uart_servo.o(i.FSUS_ResetUserData)
    FSUS_SendPackage                         0x080024fb   Thumb Code    62  fashion_star_uart_servo.o(i.FSUS_SendPackage)
    FSUS_SetServoAngle                       0x08002539   Thumb Code   182  fashion_star_uart_servo.o(i.FSUS_SetServoAngle)
    FSUS_SetServoAngleByInterval             0x080025f9   Thumb Code   212  fashion_star_uart_servo.o(i.FSUS_SetServoAngleByInterval)
    FSUS_SetServoAngleByVelocity             0x080026d5   Thumb Code   276  fashion_star_uart_servo.o(i.FSUS_SetServoAngleByVelocity)
    FSUS_SetServoAngleMTurn                  0x080027f5   Thumb Code   194  fashion_star_uart_servo.o(i.FSUS_SetServoAngleMTurn)
    FSUS_SetServoAngleMTurnByInterval        0x080028c5   Thumb Code   222  fashion_star_uart_servo.o(i.FSUS_SetServoAngleMTurnByInterval)
    FSUS_SetServoAngleMTurnByVelocity        0x080029ad   Thumb Code   276  fashion_star_uart_servo.o(i.FSUS_SetServoAngleMTurnByVelocity)
    FSUS_Wait                                0x08002acd   Thumb Code   106  fashion_star_uart_servo.o(i.FSUS_Wait)
    FSUS_WheelKeepMove                       0x08002b37   Thumb Code    40  fashion_star_uart_servo.o(i.FSUS_WheelKeepMove)
    FSUS_WheelMove                           0x08002b5f   Thumb Code    86  fashion_star_uart_servo.o(i.FSUS_WheelMove)
    FSUS_WheelMoveNCircle                    0x08002bb5   Thumb Code    44  fashion_star_uart_servo.o(i.FSUS_WheelMoveNCircle)
    FSUS_WheelMoveTime                       0x08002be1   Thumb Code    44  fashion_star_uart_servo.o(i.FSUS_WheelMoveTime)
    FSUS_WheelStop                           0x08002c0d   Thumb Code    34  fashion_star_uart_servo.o(i.FSUS_WheelStop)
    FSUS_WriteData                           0x08002c2f   Thumb Code   110  fashion_star_uart_servo.o(i.FSUS_WriteData)
    GPIO_Init                                0x08002c9d   Thumb Code   144  stm32f4xx_gpio.o(i.GPIO_Init)
    GPIO_PinAFConfig                         0x08002d2d   Thumb Code    70  stm32f4xx_gpio.o(i.GPIO_PinAFConfig)
    GPIO_SetBits                             0x08002d73   Thumb Code     4  stm32f4xx_gpio.o(i.GPIO_SetBits)
    HardFault_Handler                        0x08002d77   Thumb Code     4  stm32f4xx_it.o(i.HardFault_Handler)
    LED_Init                                 0x08002d7d   Thumb Code    60  led.o(i.LED_Init)
    MemManage_Handler                        0x08002dbd   Thumb Code     4  stm32f4xx_it.o(i.MemManage_Handler)
    NMI_Handler                              0x08002dc1   Thumb Code     2  stm32f4xx_it.o(i.NMI_Handler)
    NVIC_Init                                0x08002dc5   Thumb Code   106  misc.o(i.NVIC_Init)
    PendSV_Handler                           0x08002e3d   Thumb Code     2  stm32f4xx_it.o(i.PendSV_Handler)
    RCC_AHB1PeriphClockCmd                   0x08002e41   Thumb Code    26  stm32f4xx_rcc.o(i.RCC_AHB1PeriphClockCmd)
    RCC_APB1PeriphClockCmd                   0x08002e61   Thumb Code    26  stm32f4xx_rcc.o(i.RCC_APB1PeriphClockCmd)
    RCC_APB2PeriphClockCmd                   0x08002e81   Thumb Code    26  stm32f4xx_rcc.o(i.RCC_APB2PeriphClockCmd)
    RCC_GetClocksFreq                        0x08002ea1   Thumb Code   214  stm32f4xx_rcc.o(i.RCC_GetClocksFreq)
    RingBuffer_GetByteFree                   0x08002f89   Thumb Code    24  ring_buffer.o(i.RingBuffer_GetByteFree)
    RingBuffer_GetByteUsed                   0x08002fa1   Thumb Code    42  ring_buffer.o(i.RingBuffer_GetByteUsed)
    RingBuffer_GetCapacity                   0x08002fcb   Thumb Code    10  ring_buffer.o(i.RingBuffer_GetCapacity)
    RingBuffer_GetChecksum                   0x08002fd5   Thumb Code    40  ring_buffer.o(i.RingBuffer_GetChecksum)
    RingBuffer_GetValueByIndex               0x08002ffd   Thumb Code    44  ring_buffer.o(i.RingBuffer_GetValueByIndex)
    RingBuffer_Init                          0x08003029   Thumb Code    38  ring_buffer.o(i.RingBuffer_Init)
    RingBuffer_IsEmpty                       0x0800304f   Thumb Code    30  ring_buffer.o(i.RingBuffer_IsEmpty)
    RingBuffer_IsFull                        0x0800306d   Thumb Code    20  ring_buffer.o(i.RingBuffer_IsFull)
    RingBuffer_Pop                           0x08003081   Thumb Code    50  ring_buffer.o(i.RingBuffer_Pop)
    RingBuffer_Push                          0x080030b3   Thumb Code    44  ring_buffer.o(i.RingBuffer_Push)
    RingBuffer_ReadByte                      0x080030df   Thumb Code    12  ring_buffer.o(i.RingBuffer_ReadByte)
    RingBuffer_ReadByteArray                 0x080030eb   Thumb Code    30  ring_buffer.o(i.RingBuffer_ReadByteArray)
    RingBuffer_WriteByte                     0x08003109   Thumb Code    16  ring_buffer.o(i.RingBuffer_WriteByte)
    RingBuffer_WriteByteArray                0x08003119   Thumb Code    30  ring_buffer.o(i.RingBuffer_WriteByteArray)
    RingBuffer_WriteLong                     0x08003137   Thumb Code    18  ring_buffer.o(i.RingBuffer_WriteLong)
    RingBuffer_WriteShort                    0x08003149   Thumb Code    18  ring_buffer.o(i.RingBuffer_WriteShort)
    RingBuffer_WriteULong                    0x0800315b   Thumb Code    18  ring_buffer.o(i.RingBuffer_WriteULong)
    RingBuffer_WriteUShort                   0x0800316d   Thumb Code    18  ring_buffer.o(i.RingBuffer_WriteUShort)
    SVC_Handler                              0x0800317f   Thumb Code     2  stm32f4xx_it.o(i.SVC_Handler)
    SysTick_CountdownBegin                   0x080032c1   Thumb Code    26  sys_tick.o(i.SysTick_CountdownBegin)
    SysTick_CountdownCancel                  0x080032e1   Thumb Code    24  sys_tick.o(i.SysTick_CountdownCancel)
    SysTick_CountdownIsTimeout               0x080032fd   Thumb Code    14  sys_tick.o(i.SysTick_CountdownIsTimeout)
    SysTick_DelayMs                          0x08003311   Thumb Code    14  sys_tick.o(i.SysTick_DelayMs)
    SysTick_Handler                          0x08003325   Thumb Code    26  sys_tick.o(i.SysTick_Handler)
    SysTick_Init                             0x08003345   Thumb Code    44  sys_tick.o(i.SysTick_Init)
    SysTick_Wait                             0x08003375   Thumb Code    44  sys_tick.o(i.SysTick_Wait)
    SystemInit                               0x080033a5   Thumb Code    88  system_stm32f4xx.o(i.SystemInit)
    USART1_IRQHandler                        0x0800340d   Thumb Code    34  usart.o(i.USART1_IRQHandler)
    USART2_IRQHandler                        0x08003439   Thumb Code    36  usart.o(i.USART2_IRQHandler)
    USART_ClearFlag                          0x08003465   Thumb Code    18  stm32f4xx_usart.o(i.USART_ClearFlag)
    USART_Cmd                                0x08003477   Thumb Code    24  stm32f4xx_usart.o(i.USART_Cmd)
    USART_GetFlagStatus                      0x0800348f   Thumb Code    26  stm32f4xx_usart.o(i.USART_GetFlagStatus)
    USART_GetITStatus                        0x080034a9   Thumb Code    84  stm32f4xx_usart.o(i.USART_GetITStatus)
    USART_ITConfig                           0x080034fd   Thumb Code    74  stm32f4xx_usart.o(i.USART_ITConfig)
    USART_Init                               0x08003549   Thumb Code   204  stm32f4xx_usart.o(i.USART_Init)
    USART_ReceiveData                        0x0800361d   Thumb Code    10  stm32f4xx_usart.o(i.USART_ReceiveData)
    USART_SendData                           0x08003627   Thumb Code     8  stm32f4xx_usart.o(i.USART_SendData)
    UsageFault_Handler                       0x0800362f   Thumb Code     4  stm32f4xx_it.o(i.UsageFault_Handler)
    Usart_Init                               0x08003635   Thumb Code   414  usart.o(i.Usart_Init)
    Usart_SendAll                            0x08003809   Thumb Code    34  usart.o(i.Usart_SendAll)
    Usart_SendByte                           0x0800382b   Thumb Code    30  usart.o(i.Usart_SendByte)
    Usart_SendByteArr                        0x08003849   Thumb Code    34  usart.o(i.Usart_SendByteArr)
    __ARM_fpclassify                         0x0800386b   Thumb Code    48  fpclassify.o(i.__ARM_fpclassify)
    _is_digit                                0x0800389b   Thumb Code    14  __printf_wp.o(i._is_digit)
    _sys_exit                                0x080038a9   Thumb Code     4  usart.o(i._sys_exit)
    _ttywrch                                 0x080038ad   Thumb Code     2  usart.o(i._ttywrch)
    fputc                                    0x080038b1   Thumb Code    36  usart.o(i.fputc)
    main                                     0x080038d9   Thumb Code    24  main.o(i.main)
    _get_lc_numeric                          0x080038f1   Thumb Code    44  lc_numeric_c.o(locale$$code)
    __aeabi_d2f                              0x0800391d   Thumb Code     0  d2f.o(x$fpl$d2f)
    _d2f                                     0x0800391d   Thumb Code    98  d2f.o(x$fpl$d2f)
    __aeabi_ddiv                             0x08003981   Thumb Code     0  ddiv.o(x$fpl$ddiv)
    _ddiv                                    0x08003981   Thumb Code   552  ddiv.o(x$fpl$ddiv)
    __aeabi_i2d                              0x08003c31   Thumb Code     0  dflt_clz.o(x$fpl$dflt)
    _dflt                                    0x08003c31   Thumb Code    46  dflt_clz.o(x$fpl$dflt)
    __fpl_dnaninf                            0x08003c5f   Thumb Code   156  dnaninf.o(x$fpl$dnaninf)
    __fpl_dretinf                            0x08003cfb   Thumb Code    12  dretinf.o(x$fpl$dretinf)
    __aeabi_f2d                              0x08003d09   Thumb Code     0  f2d.o(x$fpl$f2d)
    _f2d                                     0x08003d09   Thumb Code    86  f2d.o(x$fpl$f2d)
    __fpl_fnaninf                            0x08003d5f   Thumb Code   140  fnaninf.o(x$fpl$fnaninf)
    _fp_init                                 0x08003deb   Thumb Code    10  fpinit.o(x$fpl$fpinit)
    __fplib_config_fpu_vfp                   0x08003df3   Thumb Code     0  fpinit.o(x$fpl$fpinit)
    __fplib_config_pureend_doubles           0x08003df3   Thumb Code     0  fpinit.o(x$fpl$fpinit)
    __fpl_fretinf                            0x08003df5   Thumb Code    10  fretinf.o(x$fpl$fretinf)
    _printf_fp_dec                           0x08003dff   Thumb Code     4  printf1.o(x$fpl$printf1)
    __I$use$fp                               0x08003e02   Number         0  usenofp.o(x$fpl$usenofp)
    Region$$Table$$Base                      0x08003e98   Number         0  anon$$obj.o(Region$$Table)
    Region$$Table$$Limit                     0x08003eb8   Number         0  anon$$obj.o(Region$$Table)
    SystemCoreClock                          0x20000000   Data           4  system_stm32f4xx.o(.data)
    AHBPrescTable                            0x20000004   Data          16  system_stm32f4xx.o(.data)
    servo_usart                              0x20000014   Data           4  fashion_star_uart_servo_examples.o(.data)
    __stdout                                 0x20000018   Data           4  usart.o(.data)
    usart1SendBuf                            0x20000030   Data        2049  usart.o(.bss)
    usart1RecvBuf                            0x20000831   Data        2049  usart.o(.bss)
    usart1SendRingBuf                        0x20001034   Data          12  usart.o(.bss)
    usart1RecvRingBuf                        0x20001040   Data          12  usart.o(.bss)
    usart1                                   0x2000104c   Data          12  usart.o(.bss)
    usart2SendBuf                            0x20001058   Data        2049  usart.o(.bss)
    usart2RecvBuf                            0x20001859   Data        2049  usart.o(.bss)
    usart2SendRingBuf                        0x2000205c   Data          12  usart.o(.bss)
    usart2RecvRingBuf                        0x20002068   Data          12  usart.o(.bss)
    usart2                                   0x20002074   Data          12  usart.o(.bss)
    __libspace_start                         0x20002080   Data          96  libspace.o(.bss)
    __temporary_stack_top$libspace           0x200020e0   Data           0  libspace.o(.bss)



==============================================================================

Memory Map of the image

  Image Entry point : 0x08000189

  Load Region LR_IROM1 (Base: 0x08000000, Size: 0x00003f04, Max: 0x00100000, ABSOLUTE)

    Execution Region ER_IROM1 (Exec base: 0x08000000, Load base: 0x08000000, Size: 0x00003ed4, Max: 0x00100000, ABSOLUTE)

    Exec Addr    Load Addr    Size         Type   Attr      Idx    E Section Name        Object

    0x08000000   0x08000000   0x00000188   Data   RO          923    RESET               startup_stm32f40_41xxx.o
    0x08000188   0x08000188   0x00000008   Code   RO         1747  * !!!main             c_w.l(__main.o)
    0x08000190   0x08000190   0x00000034   Code   RO         2031    !!!scatter          c_w.l(__scatter.o)
    0x080001c4   0x080001c4   0x0000001a   Code   RO         2033    !!handler_copy      c_w.l(__scatter_copy.o)
    0x080001de   0x080001de   0x00000002   PAD
    0x080001e0   0x080001e0   0x0000001c   Code   RO         2035    !!handler_zi        c_w.l(__scatter_zi.o)
    0x080001fc   0x080001fc   0x00000000   Code   RO         1744    .ARM.Collect$$_printf_percent$$00000000  c_w.l(_printf_percent.o)
    0x080001fc   0x080001fc   0x00000006   Code   RO         1743    .ARM.Collect$$_printf_percent$$00000003  c_w.l(_printf_f.o)
    0x08000202   0x08000202   0x00000006   Code   RO         1742    .ARM.Collect$$_printf_percent$$00000009  c_w.l(_printf_d.o)
    0x08000208   0x08000208   0x00000004   Code   RO         1801    .ARM.Collect$$_printf_percent$$00000017  c_w.l(_printf_percent_end.o)
    0x0800020c   0x0800020c   0x00000002   Code   RO         1972    .ARM.Collect$$libinit$$00000000  c_w.l(libinit.o)
    0x0800020e   0x0800020e   0x00000004   Code   RO         1806    .ARM.Collect$$libinit$$00000001  c_w.l(libinit2.o)
    0x08000212   0x08000212   0x00000000   Code   RO         1809    .ARM.Collect$$libinit$$00000004  c_w.l(libinit2.o)
    0x08000212   0x08000212   0x00000008   Code   RO         1810    .ARM.Collect$$libinit$$00000005  c_w.l(libinit2.o)
    0x0800021a   0x0800021a   0x00000000   Code   RO         1812    .ARM.Collect$$libinit$$0000000A  c_w.l(libinit2.o)
    0x0800021a   0x0800021a   0x00000000   Code   RO         1814    .ARM.Collect$$libinit$$0000000C  c_w.l(libinit2.o)
    0x0800021a   0x0800021a   0x00000000   Code   RO         1816    .ARM.Collect$$libinit$$0000000E  c_w.l(libinit2.o)
    0x0800021a   0x0800021a   0x00000006   Code   RO         1817    .ARM.Collect$$libinit$$0000000F  c_w.l(libinit2.o)
    0x08000220   0x08000220   0x00000000   Code   RO         1819    .ARM.Collect$$libinit$$00000011  c_w.l(libinit2.o)
    0x08000220   0x08000220   0x00000000   Code   RO         1821    .ARM.Collect$$libinit$$00000013  c_w.l(libinit2.o)
    0x08000220   0x08000220   0x00000000   Code   RO         1823    .ARM.Collect$$libinit$$00000015  c_w.l(libinit2.o)
    0x08000220   0x08000220   0x0000000a   Code   RO         1824    .ARM.Collect$$libinit$$00000016  c_w.l(libinit2.o)
    0x0800022a   0x0800022a   0x00000000   Code   RO         1825    .ARM.Collect$$libinit$$00000017  c_w.l(libinit2.o)
    0x0800022a   0x0800022a   0x00000000   Code   RO         1827    .ARM.Collect$$libinit$$00000019  c_w.l(libinit2.o)
    0x0800022a   0x0800022a   0x00000000   Code   RO         1829    .ARM.Collect$$libinit$$0000001B  c_w.l(libinit2.o)
    0x0800022a   0x0800022a   0x00000000   Code   RO         1831    .ARM.Collect$$libinit$$0000001D  c_w.l(libinit2.o)
    0x0800022a   0x0800022a   0x00000000   Code   RO         1833    .ARM.Collect$$libinit$$0000001F  c_w.l(libinit2.o)
    0x0800022a   0x0800022a   0x00000000   Code   RO         1835    .ARM.Collect$$libinit$$00000021  c_w.l(libinit2.o)
    0x0800022a   0x0800022a   0x00000000   Code   RO         1837    .ARM.Collect$$libinit$$00000023  c_w.l(libinit2.o)
    0x0800022a   0x0800022a   0x00000000   Code   RO         1839    .ARM.Collect$$libinit$$00000025  c_w.l(libinit2.o)
    0x0800022a   0x0800022a   0x00000000   Code   RO         1843    .ARM.Collect$$libinit$$0000002C  c_w.l(libinit2.o)
    0x0800022a   0x0800022a   0x00000000   Code   RO         1845    .ARM.Collect$$libinit$$0000002E  c_w.l(libinit2.o)
    0x0800022a   0x0800022a   0x00000000   Code   RO         1847    .ARM.Collect$$libinit$$00000030  c_w.l(libinit2.o)
    0x0800022a   0x0800022a   0x00000000   Code   RO         1849    .ARM.Collect$$libinit$$00000032  c_w.l(libinit2.o)
    0x0800022a   0x0800022a   0x00000002   Code   RO         1850    .ARM.Collect$$libinit$$00000033  c_w.l(libinit2.o)
    0x0800022c   0x0800022c   0x00000002   Code   RO         2028    .ARM.Collect$$libshutdown$$00000000  c_w.l(libshutdown.o)
    0x0800022e   0x0800022e   0x00000000   Code   RO         1984    .ARM.Collect$$libshutdown$$00000002  c_w.l(libshutdown2.o)
    0x0800022e   0x0800022e   0x00000000   Code   RO         1986    .ARM.Collect$$libshutdown$$00000004  c_w.l(libshutdown2.o)
    0x0800022e   0x0800022e   0x00000000   Code   RO         1988    .ARM.Collect$$libshutdown$$00000006  c_w.l(libshutdown2.o)
    0x0800022e   0x0800022e   0x00000000   Code   RO         1991    .ARM.Collect$$libshutdown$$00000009  c_w.l(libshutdown2.o)
    0x0800022e   0x0800022e   0x00000000   Code   RO         1994    .ARM.Collect$$libshutdown$$0000000C  c_w.l(libshutdown2.o)
    0x0800022e   0x0800022e   0x00000000   Code   RO         1996    .ARM.Collect$$libshutdown$$0000000E  c_w.l(libshutdown2.o)
    0x0800022e   0x0800022e   0x00000000   Code   RO         1999    .ARM.Collect$$libshutdown$$00000011  c_w.l(libshutdown2.o)
    0x0800022e   0x0800022e   0x00000002   Code   RO         2000    .ARM.Collect$$libshutdown$$00000012  c_w.l(libshutdown2.o)
    0x08000230   0x08000230   0x00000000   Code   RO         1769    .ARM.Collect$$rtentry$$00000000  c_w.l(__rtentry.o)
    0x08000230   0x08000230   0x00000000   Code   RO         1866    .ARM.Collect$$rtentry$$00000002  c_w.l(__rtentry2.o)
    0x08000230   0x08000230   0x00000006   Code   RO         1878    .ARM.Collect$$rtentry$$00000004  c_w.l(__rtentry4.o)
    0x08000236   0x08000236   0x00000000   Code   RO         1868    .ARM.Collect$$rtentry$$00000009  c_w.l(__rtentry2.o)
    0x08000236   0x08000236   0x00000004   Code   RO         1869    .ARM.Collect$$rtentry$$0000000A  c_w.l(__rtentry2.o)
    0x0800023a   0x0800023a   0x00000000   Code   RO         1871    .ARM.Collect$$rtentry$$0000000C  c_w.l(__rtentry2.o)
    0x0800023a   0x0800023a   0x00000008   Code   RO         1872    .ARM.Collect$$rtentry$$0000000D  c_w.l(__rtentry2.o)
    0x08000242   0x08000242   0x00000002   Code   RO         1973    .ARM.Collect$$rtexit$$00000000  c_w.l(rtexit.o)
    0x08000244   0x08000244   0x00000000   Code   RO         2002    .ARM.Collect$$rtexit$$00000002  c_w.l(rtexit2.o)
    0x08000244   0x08000244   0x00000004   Code   RO         2003    .ARM.Collect$$rtexit$$00000003  c_w.l(rtexit2.o)
    0x08000248   0x08000248   0x00000006   Code   RO         2004    .ARM.Collect$$rtexit$$00000004  c_w.l(rtexit2.o)
    0x0800024e   0x0800024e   0x00000002   PAD
    0x08000250   0x08000250   0x00000000   Code   RO         1887    .emb_text           c_w.l(maybetermalloc1.o)
    0x08000250   0x08000250   0x00000040   Code   RO          924    .text               startup_stm32f40_41xxx.o
    0x08000290   0x08000290   0x00000002   Code   RO         1650    .text               c_w.l(use_no_semi_2.o)
    0x08000292   0x08000292   0x0000005e   Code   RO         1656    .text               c_w.l(h1_alloc.o)
    0x080002f0   0x080002f0   0x0000004e   Code   RO         1658    .text               c_w.l(h1_free.o)
    0x0800033e   0x0800033e   0x00000002   PAD
    0x08000340   0x08000340   0x00000018   Code   RO         1716    .text               c_w.l(noretval__2printf.o)
    0x08000358   0x08000358   0x00000078   Code   RO         1720    .text               c_w.l(_printf_dec.o)
    0x080003d0   0x080003d0   0x0000010e   Code   RO         1730    .text               c_w.l(__printf_wp.o)
    0x080004de   0x080004de   0x00000006   Code   RO         1745    .text               c_w.l(heapauxi.o)
    0x080004e4   0x080004e4   0x00000002   Code   RO         1765    .text               c_w.l(use_no_semi.o)
    0x080004e6   0x080004e6   0x00000002   PAD
    0x080004e8   0x080004e8   0x00000008   Code   RO         1773    .text               c_w.l(rt_heap_descriptor_intlibspace.o)
    0x080004f0   0x080004f0   0x00000004   Code   RO         1775    .text               c_w.l(hguard.o)
    0x080004f4   0x080004f4   0x0000008a   Code   RO         1777    .text               c_w.l(init_alloc.o)
    0x0800057e   0x0800057e   0x0000000e   Code   RO         1781    .text               c_w.l(h1_init.o)
    0x0800058c   0x0800058c   0x000000b2   Code   RO         1795    .text               c_w.l(_printf_intcommon.o)
    0x0800063e   0x0800063e   0x0000041e   Code   RO         1797    .text               c_w.l(_printf_fp_dec.o)
    0x08000a5c   0x08000a5c   0x00000024   Code   RO         1799    .text               c_w.l(_printf_char_file.o)
    0x08000a80   0x08000a80   0x00000008   Code   RO         1862    .text               c_w.l(libspace.o)
    0x08000a88   0x08000a88   0x00000008   Code   RO         1883    .text               c_w.l(rt_locale_intlibspace.o)
    0x08000a90   0x08000a90   0x00000034   Code   RO         1889    .text               c_w.l(h1_extend.o)
    0x08000ac4   0x08000ac4   0x0000008a   Code   RO         1893    .text               c_w.l(lludiv10.o)
    0x08000b4e   0x08000b4e   0x00000002   PAD
    0x08000b50   0x08000b50   0x00000030   Code   RO         1895    .text               c_w.l(_printf_char_common.o)
    0x08000b80   0x08000b80   0x00000080   Code   RO         1897    .text               c_w.l(_printf_fp_infnan.o)
    0x08000c00   0x08000c00   0x000000e4   Code   RO         1899    .text               c_w.l(bigflt0.o)
    0x08000ce4   0x08000ce4   0x00000008   Code   RO         1924    .text               c_w.l(ferror.o)
    0x08000cec   0x08000cec   0x0000000e   Code   RO         1931    .text               c_w.l(defsig_rtmem_outer.o)
    0x08000cfa   0x08000cfa   0x0000004a   Code   RO         1947    .text               c_w.l(sys_stackheap_outer.o)
    0x08000d44   0x08000d44   0x00000012   Code   RO         1955    .text               c_w.l(exit.o)
    0x08000d56   0x08000d56   0x0000000a   Code   RO         1957    .text               c_w.l(defsig_exit.o)
    0x08000d60   0x08000d60   0x00000050   Code   RO         1959    .text               c_w.l(defsig_rtmem_inner.o)
    0x08000db0   0x08000db0   0x00000080   Code   RO         1961    .text               c_w.l(strcmpv7m.o)
    0x08000e30   0x08000e30   0x00000032   Code   RO         1981    .text               c_w.l(defsig_general.o)
    0x08000e62   0x08000e62   0x0000003e   Code   RO         1902    CL$$btod_d2e        c_w.l(btod.o)
    0x08000ea0   0x08000ea0   0x00000046   Code   RO         1904    CL$$btod_d2e_denorm_low  c_w.l(btod.o)
    0x08000ee6   0x08000ee6   0x00000060   Code   RO         1903    CL$$btod_d2e_norm_op1  c_w.l(btod.o)
    0x08000f46   0x08000f46   0x00000338   Code   RO         1912    CL$$btod_div_common  c_w.l(btod.o)
    0x0800127e   0x0800127e   0x000000dc   Code   RO         1909    CL$$btod_e2e        c_w.l(btod.o)
    0x0800135a   0x0800135a   0x0000002a   Code   RO         1906    CL$$btod_ediv       c_w.l(btod.o)
    0x08001384   0x08001384   0x0000002a   Code   RO         1905    CL$$btod_emul       c_w.l(btod.o)
    0x080013ae   0x080013ae   0x00000244   Code   RO         1911    CL$$btod_mult_common  c_w.l(btod.o)
    0x080015f2   0x080015f2   0x00000004   Code   RO          163    i.BusFault_Handler  stm32f4xx_it.o
    0x080015f6   0x080015f6   0x00000002   Code   RO          164    i.DebugMon_Handler  stm32f4xx_it.o
    0x080015f8   0x080015f8   0x0000003c   Code   RO          314    i.FSUSExample_EstimateTimeMs  fashion_star_uart_servo_examples.o
    0x08001634   0x08001634   0x00000040   Code   RO          315    i.FSUSExample_LEDBlink  fashion_star_uart_servo_examples.o
    0x08001674   0x08001674   0x000000c0   Code   RO          316    i.FSUSExample_PingServo  fashion_star_uart_servo_examples.o
    0x08001734   0x08001734   0x000000dc   Code   RO          317    i.FSUSExample_ReadData  fashion_star_uart_servo_examples.o
    0x08001810   0x08001810   0x00000074   Code   RO          318    i.FSUSExample_ResetData  fashion_star_uart_servo_examples.o
    0x08001884   0x08001884   0x00000050   Code   RO          319    i.FSUSExample_Run   fashion_star_uart_servo_examples.o
    0x080018d4   0x080018d4   0x000000c4   Code   RO          320    i.FSUSExample_SetNServoAngle  fashion_star_uart_servo_examples.o
    0x08001998   0x08001998   0x00000174   Code   RO          321    i.FSUSExample_SetServoAngle  fashion_star_uart_servo_examples.o
    0x08001b0c   0x08001b0c   0x000001ec   Code   RO          322    i.FSUSExample_SetServoAngleMTurn  fashion_star_uart_servo_examples.o
    0x08001cf8   0x08001cf8   0x000000e8   Code   RO          323    i.FSUSExample_SetServoDamping  fashion_star_uart_servo_examples.o
    0x08001de0   0x08001de0   0x000000d0   Code   RO          324    i.FSUSExample_UsartEcho  fashion_star_uart_servo_examples.o
    0x08001eb0   0x08001eb0   0x00000064   Code   RO          325    i.FSUSExample_WheelKeepMove  fashion_star_uart_servo_examples.o
    0x08001f14   0x08001f14   0x00000064   Code   RO          326    i.FSUSExample_WheelMoveNCircle  fashion_star_uart_servo_examples.o
    0x08001f78   0x08001f78   0x00000054   Code   RO          327    i.FSUSExample_WheelMoveNTime  fashion_star_uart_servo_examples.o
    0x08001fcc   0x08001fcc   0x00000184   Code   RO          328    i.FSUSExample_WriteData  fashion_star_uart_servo_examples.o
    0x08002150   0x08002150   0x00000032   Code   RO          673    i.FSUS_CalcChecksum  fashion_star_uart_servo.o
    0x08002182   0x08002182   0x0000003c   Code   RO          674    i.FSUS_DampingMode  fashion_star_uart_servo.o
    0x080021be   0x080021be   0x0000003a   Code   RO          676    i.FSUS_Package2RingBuffer  fashion_star_uart_servo.o
    0x080021f8   0x080021f8   0x00000034   Code   RO          677    i.FSUS_Ping         fashion_star_uart_servo.o
    0x0800222c   0x0800222c   0x0000007c   Code   RO          678    i.FSUS_QueryServoAngle  fashion_star_uart_servo.o
    0x080022a8   0x080022a8   0x0000008c   Code   RO          679    i.FSUS_QueryServoAngleMTurn  fashion_star_uart_servo.o
    0x08002334   0x08002334   0x00000058   Code   RO          680    i.FSUS_ReadData     fashion_star_uart_servo.o
    0x0800238c   0x0800238c   0x00000138   Code   RO          681    i.FSUS_RecvPackage  fashion_star_uart_servo.o
    0x080024c4   0x080024c4   0x00000036   Code   RO          682    i.FSUS_ResetUserData  fashion_star_uart_servo.o
    0x080024fa   0x080024fa   0x0000003e   Code   RO          684    i.FSUS_SendPackage  fashion_star_uart_servo.o
    0x08002538   0x08002538   0x000000c0   Code   RO          685    i.FSUS_SetServoAngle  fashion_star_uart_servo.o
    0x080025f8   0x080025f8   0x000000dc   Code   RO          686    i.FSUS_SetServoAngleByInterval  fashion_star_uart_servo.o
    0x080026d4   0x080026d4   0x00000120   Code   RO          687    i.FSUS_SetServoAngleByVelocity  fashion_star_uart_servo.o
    0x080027f4   0x080027f4   0x000000d0   Code   RO          688    i.FSUS_SetServoAngleMTurn  fashion_star_uart_servo.o
    0x080028c4   0x080028c4   0x000000e8   Code   RO          689    i.FSUS_SetServoAngleMTurnByInterval  fashion_star_uart_servo.o
    0x080029ac   0x080029ac   0x00000120   Code   RO          690    i.FSUS_SetServoAngleMTurnByVelocity  fashion_star_uart_servo.o
    0x08002acc   0x08002acc   0x0000006a   Code   RO          691    i.FSUS_Wait         fashion_star_uart_servo.o
    0x08002b36   0x08002b36   0x00000028   Code   RO          692    i.FSUS_WheelKeepMove  fashion_star_uart_servo.o
    0x08002b5e   0x08002b5e   0x00000056   Code   RO          693    i.FSUS_WheelMove    fashion_star_uart_servo.o
    0x08002bb4   0x08002bb4   0x0000002c   Code   RO          694    i.FSUS_WheelMoveNCircle  fashion_star_uart_servo.o
    0x08002be0   0x08002be0   0x0000002c   Code   RO          695    i.FSUS_WheelMoveTime  fashion_star_uart_servo.o
    0x08002c0c   0x08002c0c   0x00000022   Code   RO          696    i.FSUS_WheelStop    fashion_star_uart_servo.o
    0x08002c2e   0x08002c2e   0x0000006e   Code   RO          697    i.FSUS_WriteData    fashion_star_uart_servo.o
    0x08002c9c   0x08002c9c   0x00000090   Code   RO          975    i.GPIO_Init         stm32f4xx_gpio.o
    0x08002d2c   0x08002d2c   0x00000046   Code   RO          976    i.GPIO_PinAFConfig  stm32f4xx_gpio.o
    0x08002d72   0x08002d72   0x00000004   Code   RO          983    i.GPIO_SetBits      stm32f4xx_gpio.o
    0x08002d76   0x08002d76   0x00000004   Code   RO          165    i.HardFault_Handler  stm32f4xx_it.o
    0x08002d7a   0x08002d7a   0x00000002   PAD
    0x08002d7c   0x08002d7c   0x00000040   Code   RO          291    i.LED_Init          led.o
    0x08002dbc   0x08002dbc   0x00000004   Code   RO          166    i.MemManage_Handler  stm32f4xx_it.o
    0x08002dc0   0x08002dc0   0x00000002   Code   RO          167    i.NMI_Handler       stm32f4xx_it.o
    0x08002dc2   0x08002dc2   0x00000002   PAD
    0x08002dc4   0x08002dc4   0x00000078   Code   RO          930    i.NVIC_Init         misc.o
    0x08002e3c   0x08002e3c   0x00000002   Code   RO          168    i.PendSV_Handler    stm32f4xx_it.o
    0x08002e3e   0x08002e3e   0x00000002   PAD
    0x08002e40   0x08002e40   0x00000020   Code   RO         1072    i.RCC_AHB1PeriphClockCmd  stm32f4xx_rcc.o
    0x08002e60   0x08002e60   0x00000020   Code   RO         1081    i.RCC_APB1PeriphClockCmd  stm32f4xx_rcc.o
    0x08002e80   0x08002e80   0x00000020   Code   RO         1084    i.RCC_APB2PeriphClockCmd  stm32f4xx_rcc.o
    0x08002ea0   0x08002ea0   0x000000e8   Code   RO         1093    i.RCC_GetClocksFreq  stm32f4xx_rcc.o
    0x08002f88   0x08002f88   0x00000018   Code   RO          424    i.RingBuffer_GetByteFree  ring_buffer.o
    0x08002fa0   0x08002fa0   0x0000002a   Code   RO          425    i.RingBuffer_GetByteUsed  ring_buffer.o
    0x08002fca   0x08002fca   0x0000000a   Code   RO          426    i.RingBuffer_GetCapacity  ring_buffer.o
    0x08002fd4   0x08002fd4   0x00000028   Code   RO          427    i.RingBuffer_GetChecksum  ring_buffer.o
    0x08002ffc   0x08002ffc   0x0000002c   Code   RO          428    i.RingBuffer_GetValueByIndex  ring_buffer.o
    0x08003028   0x08003028   0x00000026   Code   RO          429    i.RingBuffer_Init   ring_buffer.o
    0x0800304e   0x0800304e   0x0000001e   Code   RO          430    i.RingBuffer_IsEmpty  ring_buffer.o
    0x0800306c   0x0800306c   0x00000014   Code   RO          431    i.RingBuffer_IsFull  ring_buffer.o
    0x08003080   0x08003080   0x00000032   Code   RO          432    i.RingBuffer_Pop    ring_buffer.o
    0x080030b2   0x080030b2   0x0000002c   Code   RO          433    i.RingBuffer_Push   ring_buffer.o
    0x080030de   0x080030de   0x0000000c   Code   RO          434    i.RingBuffer_ReadByte  ring_buffer.o
    0x080030ea   0x080030ea   0x0000001e   Code   RO          435    i.RingBuffer_ReadByteArray  ring_buffer.o
    0x08003108   0x08003108   0x00000010   Code   RO          442    i.RingBuffer_WriteByte  ring_buffer.o
    0x08003118   0x08003118   0x0000001e   Code   RO          443    i.RingBuffer_WriteByteArray  ring_buffer.o
    0x08003136   0x08003136   0x00000012   Code   RO          445    i.RingBuffer_WriteLong  ring_buffer.o
    0x08003148   0x08003148   0x00000012   Code   RO          446    i.RingBuffer_WriteShort  ring_buffer.o
    0x0800315a   0x0800315a   0x00000012   Code   RO          447    i.RingBuffer_WriteULong  ring_buffer.o
    0x0800316c   0x0800316c   0x00000012   Code   RO          448    i.RingBuffer_WriteUShort  ring_buffer.o
    0x0800317e   0x0800317e   0x00000002   Code   RO          169    i.SVC_Handler       stm32f4xx_it.o
    0x08003180   0x08003180   0x000000ec   Code   RO          254    i.SetSysClock       system_stm32f4xx.o
    0x0800326c   0x0800326c   0x00000054   Code   RO          844    i.SysTick_Config    sys_tick.o
    0x080032c0   0x080032c0   0x00000020   Code   RO          845    i.SysTick_CountdownBegin  sys_tick.o
    0x080032e0   0x080032e0   0x0000001c   Code   RO          846    i.SysTick_CountdownCancel  sys_tick.o
    0x080032fc   0x080032fc   0x00000014   Code   RO          847    i.SysTick_CountdownIsTimeout  sys_tick.o
    0x08003310   0x08003310   0x00000014   Code   RO          848    i.SysTick_DelayMs   sys_tick.o
    0x08003324   0x08003324   0x00000020   Code   RO          851    i.SysTick_Handler   sys_tick.o
    0x08003344   0x08003344   0x00000030   Code   RO          852    i.SysTick_Init      sys_tick.o
    0x08003374   0x08003374   0x00000030   Code   RO          853    i.SysTick_Wait      sys_tick.o
    0x080033a4   0x080033a4   0x00000068   Code   RO          256    i.SystemInit        system_stm32f4xx.o
    0x0800340c   0x0800340c   0x0000002c   Code   RO          588    i.USART1_IRQHandler  usart.o
    0x08003438   0x08003438   0x0000002c   Code   RO          589    i.USART2_IRQHandler  usart.o
    0x08003464   0x08003464   0x00000012   Code   RO         1462    i.USART_ClearFlag   stm32f4xx_usart.o
    0x08003476   0x08003476   0x00000018   Code   RO         1466    i.USART_Cmd         stm32f4xx_usart.o
    0x0800348e   0x0800348e   0x0000001a   Code   RO         1469    i.USART_GetFlagStatus  stm32f4xx_usart.o
    0x080034a8   0x080034a8   0x00000054   Code   RO         1470    i.USART_GetITStatus  stm32f4xx_usart.o
    0x080034fc   0x080034fc   0x0000004a   Code   RO         1472    i.USART_ITConfig    stm32f4xx_usart.o
    0x08003546   0x08003546   0x00000002   PAD
    0x08003548   0x08003548   0x000000d4   Code   RO         1473    i.USART_Init        stm32f4xx_usart.o
    0x0800361c   0x0800361c   0x0000000a   Code   RO         1480    i.USART_ReceiveData  stm32f4xx_usart.o
    0x08003626   0x08003626   0x00000008   Code   RO         1483    i.USART_SendData    stm32f4xx_usart.o
    0x0800362e   0x0800362e   0x00000004   Code   RO          170    i.UsageFault_Handler  stm32f4xx_it.o
    0x08003632   0x08003632   0x00000002   PAD
    0x08003634   0x08003634   0x000001d4   Code   RO          590    i.Usart_Init        usart.o
    0x08003808   0x08003808   0x00000022   Code   RO          591    i.Usart_SendAll     usart.o
    0x0800382a   0x0800382a   0x0000001e   Code   RO          592    i.Usart_SendByte    usart.o
    0x08003848   0x08003848   0x00000022   Code   RO          593    i.Usart_SendByteArr  usart.o
    0x0800386a   0x0800386a   0x00000030   Code   RO         1944    i.__ARM_fpclassify  m_wm.l(fpclassify.o)
    0x0800389a   0x0800389a   0x0000000e   Code   RO         1732    i._is_digit         c_w.l(__printf_wp.o)
    0x080038a8   0x080038a8   0x00000004   Code   RO          595    i._sys_exit         usart.o
    0x080038ac   0x080038ac   0x00000002   Code   RO          596    i._ttywrch          usart.o
    0x080038ae   0x080038ae   0x00000002   PAD
    0x080038b0   0x080038b0   0x00000028   Code   RO          597    i.fputc             usart.o
    0x080038d8   0x080038d8   0x00000018   Code   RO            3    i.main              main.o
    0x080038f0   0x080038f0   0x0000002c   Code   RO         1929    locale$$code        c_w.l(lc_numeric_c.o)
    0x0800391c   0x0800391c   0x00000062   Code   RO         1749    x$fpl$d2f           fz_wm.l(d2f.o)
    0x0800397e   0x0800397e   0x00000002   PAD
    0x08003980   0x08003980   0x000002b0   Code   RO         1752    x$fpl$ddiv          fz_wm.l(ddiv.o)
    0x08003c30   0x08003c30   0x0000002e   Code   RO         1756    x$fpl$dflt          fz_wm.l(dflt_clz.o)
    0x08003c5e   0x08003c5e   0x0000009c   Code   RO         1851    x$fpl$dnaninf       fz_wm.l(dnaninf.o)
    0x08003cfa   0x08003cfa   0x0000000c   Code   RO         1853    x$fpl$dretinf       fz_wm.l(dretinf.o)
    0x08003d06   0x08003d06   0x00000002   PAD
    0x08003d08   0x08003d08   0x00000056   Code   RO         1761    x$fpl$f2d           fz_wm.l(f2d.o)
    0x08003d5e   0x08003d5e   0x0000008c   Code   RO         1855    x$fpl$fnaninf       fz_wm.l(fnaninf.o)
    0x08003dea   0x08003dea   0x0000000a   Code   RO         1940    x$fpl$fpinit        fz_wm.l(fpinit.o)
    0x08003df4   0x08003df4   0x0000000a   Code   RO         1857    x$fpl$fretinf       fz_wm.l(fretinf.o)
    0x08003dfe   0x08003dfe   0x00000004   Code   RO         1763    x$fpl$printf1       fz_wm.l(printf1.o)
    0x08003e02   0x08003e02   0x00000000   Code   RO         1859    x$fpl$usenofp       fz_wm.l(usenofp.o)
    0x08003e02   0x08003e02   0x00000002   PAD
    0x08003e04   0x08003e04   0x00000094   Data   RO         1900    .constdata          c_w.l(bigflt0.o)
    0x08003e98   0x08003e98   0x00000020   Data   RO         2029    Region$$Table       anon$$obj.o
    0x08003eb8   0x08003eb8   0x0000001c   Data   RO         1928    locale$$data        c_w.l(lc_numeric_c.o)


    Execution Region RW_IRAM1 (Exec base: 0x20000000, Load base: 0x08003ed4, Size: 0x000026e0, Max: 0x00020000, ABSOLUTE)

    Exec Addr    Load Addr    Size         Type   Attr      Idx    E Section Name        Object

    0x20000000   0x08003ed4   0x00000014   Data   RW          257    .data               system_stm32f4xx.o
    0x20000014   0x08003ee8   0x00000004   Data   RW          329    .data               fashion_star_uart_servo_examples.o
    0x20000018   0x08003eec   0x00000004   Data   RW          599    .data               usart.o
    0x2000001c   0x08003ef0   0x00000004   Data   RW          854    .data               sys_tick.o
    0x20000020   0x08003ef4   0x00000010   Data   RW         1125    .data               stm32f4xx_rcc.o
    0x20000030        -       0x00002050   Zero   RW          598    .bss                usart.o
    0x20002080        -       0x00000060   Zero   RW         1863    .bss                c_w.l(libspace.o)
    0x200020e0        -       0x00000200   Zero   RW          922    HEAP                startup_stm32f40_41xxx.o
    0x200022e0        -       0x00000400   Zero   RW          921    STACK               startup_stm32f40_41xxx.o


==============================================================================

Image component sizes


      Code (inc. data)   RO Data    RW Data    ZI Data      Debug   Object Name

      2892         84          0          0          0      24169   fashion_star_uart_servo.o
      2904        992          0          4          0      12731   fashion_star_uart_servo_examples.o
        64          4          0          0          0        555   led.o
        24          0          0          0          0     267063   main.o
       120         14          0          0          0       1036   misc.o
       502          0          0          0          0      12639   ring_buffer.o
        64         26        392          0       1536        864   startup_stm32f40_41xxx.o
       218          0          0          0          0       2394   stm32f4xx_gpio.o
        24          0          0          0          0       3768   stm32f4xx_it.o
       328         36          0         16          0       4727   stm32f4xx_rcc.o
       456          8          0          0          0       6215   stm32f4xx_usart.o
       312         46          0          4          0      31381   sys_tick.o
       340         32          0         20          0       1829   system_stm32f4xx.o
       700         76          0          4       8272       8917   usart.o

    ----------------------------------------------------------------------
      8960       1318        424         48       9808     378288   Object Totals
         0          0         32          0          0          0   (incl. Generated)
        12          0          0          0          0          0   (incl. Padding)

    ----------------------------------------------------------------------

      Code (inc. data)   RO Data    RW Data    ZI Data      Debug   Library Member Name

         8          0          0          0          0         68   __main.o
       284          0          0          0          0        156   __printf_wp.o
         0          0          0          0          0          0   __rtentry.o
        12          0          0          0          0          0   __rtentry2.o
         6          0          0          0          0          0   __rtentry4.o
        52          8          0          0          0          0   __scatter.o
        26          0          0          0          0          0   __scatter_copy.o
        28          0          0          0          0          0   __scatter_zi.o
        48          6          0          0          0         96   _printf_char_common.o
        36          4          0          0          0         80   _printf_char_file.o
         6          0          0          0          0          0   _printf_d.o
       120         16          0          0          0         92   _printf_dec.o
         6          0          0          0          0          0   _printf_f.o
      1054          0          0          0          0        216   _printf_fp_dec.o
       128         16          0          0          0         84   _printf_fp_infnan.o
       178          0          0          0          0         88   _printf_intcommon.o
         0          0          0          0          0          0   _printf_percent.o
         4          0          0          0          0          0   _printf_percent_end.o
       228          4        148          0          0         96   bigflt0.o
      1936        128          0          0          0        672   btod.o
        10          0          0          0          0         68   defsig_exit.o
        50          0          0          0          0         88   defsig_general.o
        80         58          0          0          0         76   defsig_rtmem_inner.o
        14          0          0          0          0         80   defsig_rtmem_outer.o
        18          0          0          0          0         80   exit.o
         8          0          0          0          0         68   ferror.o
        94          0          0          0          0         80   h1_alloc.o
        52          0          0          0          0         68   h1_extend.o
        78          0          0          0          0         80   h1_free.o
        14          0          0          0          0         84   h1_init.o
         6          0          0          0          0        152   heapauxi.o
         4          0          0          0          0        136   hguard.o
       138          0          0          0          0        168   init_alloc.o
        44         10         28          0          0         76   lc_numeric_c.o
         2          0          0          0          0          0   libinit.o
        30          0          0          0          0          0   libinit2.o
         2          0          0          0          0          0   libshutdown.o
         2          0          0          0          0          0   libshutdown2.o
         8          4          0          0         96         68   libspace.o
       138          0          0          0          0         80   lludiv10.o
         0          0          0          0          0          0   maybetermalloc1.o
        24          4          0          0          0         84   noretval__2printf.o
         8          4          0          0          0         68   rt_heap_descriptor_intlibspace.o
         8          4          0          0          0         68   rt_locale_intlibspace.o
         2          0          0          0          0          0   rtexit.o
        10          0          0          0          0          0   rtexit2.o
       128          0          0          0          0         68   strcmpv7m.o
        74          0          0          0          0         80   sys_stackheap_outer.o
         2          0          0          0          0         68   use_no_semi.o
         2          0          0          0          0         68   use_no_semi_2.o
        98          4          0          0          0        140   d2f.o
       688        140          0          0          0        256   ddiv.o
        46          0          0          0          0        116   dflt_clz.o
       156          4          0          0          0        140   dnaninf.o
        12          0          0          0          0        116   dretinf.o
        86          4          0          0          0        132   f2d.o
       140          4          0          0          0        132   fnaninf.o
        10          0          0          0          0        116   fpinit.o
        10          0          0          0          0        116   fretinf.o
         4          0          0          0          0        116   printf1.o
         0          0          0          0          0          0   usenofp.o
        48          0          0          0          0        124   fpclassify.o

    ----------------------------------------------------------------------
      6524        422        176          0         96       5108   Library Totals
        16          0          0          0          0          0   (incl. Padding)

    ----------------------------------------------------------------------

      Code (inc. data)   RO Data    RW Data    ZI Data      Debug   Library Name

      5210        266        176          0         96       3604   c_w.l
      1250        156          0          0          0       1380   fz_wm.l
        48          0          0          0          0        124   m_wm.l

    ----------------------------------------------------------------------
      6524        422        176          0         96       5108   Library Totals

    ----------------------------------------------------------------------

==============================================================================


      Code (inc. data)   RO Data    RW Data    ZI Data      Debug   

     15484       1740        600         48       9904     371068   Grand Totals
     15484       1740        600         48       9904     371068   ELF Image Totals
     15484       1740        600         48          0          0   ROM Totals

==============================================================================

    Total RO  Size (Code + RO Data)                16084 (  15.71kB)
    Total RW  Size (RW Data + ZI Data)              9952 (   9.72kB)
    Total ROM Size (Code + RO Data + RW Data)      16132 (  15.75kB)

==============================================================================

